C51 COMPILER V9.56.0.0   MAIN                                                              09/18/2026 13:31:14 PAGE 1   


C51 COMPILER V9.56.0.0, COMPILATION OF MODULE MAIN
OBJECT MODULE PLACED IN .\Objects\Main.obj
COMPILER INVOKED BY: C:\Keil_v5\C51\BIN\C51.EXE Main.c OPTIMIZE(8,SPEED) BROWSE INCDIR(C:\Keil_v5\C51\INC\STC) DEBUG OBJ
                    -ECTEXTEND PRINT(.\Listings\Main.lst) TABS(2) OBJECT(.\Objects\Main.obj)

line level    source

   1          #include <STC89C5xRC.H>
   2          #include "LCD1602.h"
   3          
   4          volatile unsigned char hour = 0;
   5          volatile unsigned char min = 0;
   6          volatile unsigned char sec = 0;
   7          volatile unsigned char Time_FLAG = 0;
   8          volatile unsigned char LCD_FLAG = 1;
   9          
  10          void CLOCK0_Init(void)
  11          {
  12   1          TMOD = 0x21;
  13   1          ET0 = 1;    //允许 Timer0 中断
  14   1          EA = 1;     //开启中断总开关
  15   1          TH0 = 0x4C;
  16   1          TL0 = 0x00;
  17   1          TR0 = 1;
  18   1      }
  19          
  20          void UART_Init(void)  //9600bps@11.0592MHz
  21          {
  22   1        PCON &= 0x7F;   //波特率不倍速
  23   1        SCON = 0x50;    //8位数据,可变波特率
  24   1        AUXR &= 0xBF;   //定时器时钟12T模式
  25   1        AUXR &= 0xFE;   //串口1选择定时器1为波特率发生器
  26   1        TMOD &= 0x0F;   //设置定时器模式
  27   1        TMOD |= 0x20;   //设置定时器模式
  28   1        TL1 = 0xFD;     //设置定时初始值
  29   1        TH1 = 0xFD;     //设置定时重载值
  30   1        ET1 = 0;      //禁止定时器中断
  31   1        TR1 = 1;      //定时器1开始计时
  32   1          ES = 1;             //打开串口中断
  33   1      }
  34          
  35          void CLOCK0_Routine(void) interrupt 1
  36          {
  37   1          TH0 = 0x4C;
  38   1          TL0 = 0x00;
  39   1      
  40   1          ++Time_FLAG;
  41   1          if(Time_FLAG >=20){
  42   2              Time_FLAG = 0;
  43   2              ++sec;
  44   2              if(sec>=60){
  45   3                  sec = 0;
  46   3                  ++min;
  47   3                  if(min >= 60){
  48   4                      min = 0;
  49   4                      ++hour;
  50   4                  }
  51   3              }
  52   2              LCD_FLAG = 1;
  53   2          }
  54   1      }
C51 COMPILER V9.56.0.0   MAIN                                                              09/18/2026 13:31:14 PAGE 2   

  55          
  56          void UART_RecvInt(void) interrupt 4
  57          { 
  58   1          if(RI == 1)
  59   1          {
  60   2              unsigned char buf = SBUF;
  61   2              if(buf == 'R')
  62   2              {
  63   3                  hour = 0;
  64   3                  min = 0;
  65   3                  sec = 0;
  66   3                  Time_FLAG = 0;
  67   3                  LCD_FLAG = 1;
  68   3              }
  69   2              RI = 0;
  70   2          }
  71   1      }
  72          
  73          void UART_SendByte(unsigned char dat)
  74          {
  75   1          SBUF = dat;
  76   1          while(TI == 0);
  77   1          TI = 0;
  78   1      }
  79          
  80          void main()
  81          {
  82   1          LCD_Init();
  83   1          LCD_ShowString(1,1,"Clock:");
  84   1          LCD_ShowString(2,11,":  :");
  85   1          CLOCK0_Init();
  86   1          UART_Init();
  87   1          while(1){
  88   2              while(LCD_FLAG == 0);
  89   2              LCD_FLAG = 0;
  90   2              UART_SendByte((hour / 10)+48);
  91   2              UART_SendByte((hour % 10)+48);
  92   2              UART_SendByte(':');
  93   2              UART_SendByte((min / 10)+48);
  94   2              UART_SendByte((min % 10)+48);
  95   2              UART_SendByte(':');
  96   2              UART_SendByte((sec / 10)+48);
  97   2              UART_SendByte((sec % 10)+48);
  98   2              UART_SendByte('\n');
  99   2              LCD_ShowNum(2,15,sec,2);
 100   2              LCD_ShowNum(2,12,min,2);
 101   2              LCD_ShowNum(2,9,hour,2);
 102   2          }
 103   1      }


MODULE INFORMATION:   STATIC OVERLAYABLE
   CODE SIZE        =    323    ----
   CONSTANT SIZE    =     12    ----
   XDATA SIZE       =   ----    ----
   PDATA SIZE       =   ----    ----
   DATA SIZE        =      5       1
   IDATA SIZE       =   ----    ----
   BIT SIZE         =   ----    ----
END OF MODULE INFORMATION.


C51 COMPILATION COMPLETE.  0 WARNING(S),  0 ERROR(S)
