BL51 BANKED LINKER/LOCATER V6.22                                                        09/14/2026  21:41:34  PAGE 1


BL51 BANKED LINKER/LOCATER V6.22, INVOKED BY:
C:\KEIL_V5\C51\BIN\BL51.EXE .\Objects\main.obj, .\Objects\Delay.obj, .\Objects\LCD1602.obj, .\Objects\Timer0.obj TO .\Ob
>> jects\Project PRINT (.\Listings\Project.m51) RAMSIZE (256) DISABLEWARNING (16)


MEMORY MODEL: SMALL


INPUT MODULES INCLUDED:
  .\Objects\main.obj (MAIN)
  .\Objects\Delay.obj (DELAY)
  .\Objects\LCD1602.obj (LCD1602)
  .\Objects\Timer0.obj (TIMER0)
  C:\KEIL_V5\C51\LIB\C51S.LIB (?C_STARTUP)
  C:\KEIL_V5\C51\LIB\C51S.LIB (?C?CLDOPTR)
  C:\KEIL_V5\C51\LIB\C51S.LIB (?C?IMUL)
  C:\KEIL_V5\C51\LIB\C51S.LIB (?C?UIDIV)
  C:\KEIL_V5\C51\LIB\C51S.LIB (?C_INIT)


LINK MAP OF MODULE:  .\Objects\Project (MAIN)


            TYPE    BASE      LENGTH    RELOCATION   SEGMENT NAME
            -----------------------------------------------------

            * * * * * * *   D A T A   M E M O R Y   * * * * * * *
            REG     0000H     0008H     ABSOLUTE     "REG BANK 0"
            DATA    0008H     0009H     UNIT         _DATA_GROUP_
            DATA    0011H     0007H     UNIT         ?DT?_LCD_SHOWSIGNEDNUM?LCD1602
            DATA    0018H     0005H     UNIT         ?DT?MAIN
            DATA    001DH     0005H     UNIT         ?DT?_LCD_SHOWHEXNUM?LCD1602
            DATA    0022H     0005H     UNIT         ?DT?_LCD_SHOWBINNUM?LCD1602
            IDATA   0027H     0001H     UNIT         ?STACK

            * * * * * * *   C O D E   M E M O R Y   * * * * * * *
            CODE    0000H     0003H     ABSOLUTE     
                    0003H     0008H                  *** GAP ***
            CODE    000BH     0003H     ABSOLUTE     
            CODE    000EH     0094H     UNIT         ?C?LIB_CODE
            CODE    00A2H     008CH     UNIT         ?C_C51STARTUP
            CODE    012EH     0055H     UNIT         ?PR?MAIN?MAIN
            CODE    0183H     0047H     UNIT         ?PR?TIMER0_ROUTINE?MAIN
            CODE    01CAH     003AH     UNIT         ?PR?_LCD_SHOWSIGNEDNUM?LCD1602
            CODE    0204H     0039H     UNIT         ?PR?_LCD_SHOWHEXNUM?LCD1602
            CODE    023DH     0038H     UNIT         ?PR?_LCD_SHOWBINNUM?LCD1602
            CODE    0275H     0033H     UNIT         ?PR?_LCD_POW?LCD1602
            CODE    02A8H     0023H     UNIT         ?PR?_LCD_SHOWSTRING?LCD1602
            CODE    02CBH     001EH     UNIT         ?PR?_LCD_WRITEDATA?LCD1602
            CODE    02E9H     001DH     UNIT         ?PR?_LCD_SHOWNUM?LCD1602
            CODE    0306H     0016H     UNIT         ?PR?_LCD_SETCURSOR?LCD1602
            CODE    031CH     0015H     UNIT         ?PR?_DELAY?DELAY
            CODE    0331H     0014H     UNIT         ?PR?LCD_INIT?LCD1602
            CODE    0345H     0011H     UNIT         ?PR?TIMER0INIT?TIMER0
            CODE    0356H     000FH     UNIT         ?PR?LCD_DELAY?LCD1602
            CODE    0365H     000EH     UNIT         ?CO?MAIN
            CODE    0373H     000AH     UNIT         ?C_INITSEG
            CODE    037DH     000AH     UNIT         ?PR?_LCD_WRITECOMMAND?LCD1602
BL51 BANKED LINKER/LOCATER V6.22                                                      09/14/2026  21:41:34  PAGE 2


            CODE    0387H     000AH     UNIT         ?PR?_LCD_SHOWCHAR?LCD1602



OVERLAY MAP OF MODULE:   .\Objects\Project (MAIN)


SEGMENT                                  DATA_GROUP 
  +--> CALLED SEGMENT                  START    LENGTH
------------------------------------------------------
?C_C51STARTUP                          -----    -----
  +--> ?PR?MAIN?MAIN
  +--> ?C_INITSEG

?PR?MAIN?MAIN                          -----    -----
  +--> ?PR?LCD_INIT?LCD1602
  +--> ?PR?TIMER0INIT?TIMER0
  +--> ?CO?MAIN
  +--> ?PR?_LCD_SHOWSTRING?LCD1602
  +--> ?PR?_LCD_SHOWNUM?LCD1602

?PR?LCD_INIT?LCD1602                   -----    -----
  +--> ?PR?_LCD_WRITECOMMAND?LCD1602

?PR?_LCD_WRITECOMMAND?LCD1602          -----    -----
  +--> ?PR?LCD_DELAY?LCD1602

?PR?_LCD_SHOWSTRING?LCD1602            0008H    0003H
  +--> ?PR?_LCD_SETCURSOR?LCD1602
  +--> ?PR?_LCD_WRITEDATA?LCD1602

?PR?_LCD_SETCURSOR?LCD1602             -----    -----
  +--> ?PR?_LCD_WRITECOMMAND?LCD1602

?PR?_LCD_WRITEDATA?LCD1602             -----    -----
  +--> ?PR?LCD_DELAY?LCD1602

?PR?_LCD_SHOWNUM?LCD1602               0008H    0005H
  +--> ?PR?_LCD_SETCURSOR?LCD1602
  +--> ?PR?_LCD_POW?LCD1602
  +--> ?PR?_LCD_WRITEDATA?LCD1602

?PR?_LCD_POW?LCD1602                   000DH    0004H



SYMBOL TABLE OF MODULE:  .\Objects\Project (MAIN)

  VALUE           TYPE          NAME
  ----------------------------------

  -------         MODULE        MAIN
  C:0000H         SYMBOL        _ICE_DUMMY_
  C:0183H         PUBLIC        Timer0_Routine
  D:001AH         PUBLIC        Sec
  D:001BH         PUBLIC        Hour
  D:001CH         PUBLIC        Min
BL51 BANKED LINKER/LOCATER V6.22                                                      09/14/2026  21:41:34  PAGE 3


  C:012EH         PUBLIC        main
  D:008CH         PUBLIC        TH0
  D:008AH         PUBLIC        TL0
  -------         PROC          MAIN
  C:012EH         LINE#         8
  C:012EH         LINE#         9
  C:0131H         LINE#         10
  C:0134H         LINE#         11
  C:0137H         LINE#         12
  C:013AH         LINE#         14
  C:0147H         LINE#         15
  C:0154H         LINE#         17
  C:0154H         LINE#         18
  C:0154H         LINE#         19
  C:0163H         LINE#         20
  C:0172H         LINE#         21
  C:0181H         LINE#         22
  -------         ENDPROC       MAIN
  -------         PROC          TIMER0_ROUTINE
  -------         DO            
  D:0018H         SYMBOL        T0Count
  -------         ENDDO         
  C:0183H         LINE#         25
  C:0187H         LINE#         27
  C:018AH         LINE#         28
  C:018DH         LINE#         29
  C:0195H         LINE#         31
  C:019EH         LINE#         32
  C:019EH         LINE#         33
  C:01A4H         LINE#         34
  C:01A6H         LINE#         35
  C:01ACH         LINE#         36
  C:01ACH         LINE#         37
  C:01AFH         LINE#         38
  C:01B1H         LINE#         39
  C:01B7H         LINE#         40
  C:01B7H         LINE#         41
  C:01BAH         LINE#         42
  C:01BCH         LINE#         43
  C:01C2H         LINE#         44
  C:01C2H         LINE#         45
  C:01C5H         LINE#         46
  C:01C5H         LINE#         47
  C:01C5H         LINE#         48
  C:01C5H         LINE#         49
  C:01C5H         LINE#         50
  -------         ENDPROC       TIMER0_ROUTINE
  -------         ENDMOD        MAIN

  -------         MODULE        DELAY
  C:0000H         SYMBOL        _ICE_DUMMY_
  C:031CH         PUBLIC        _Delay
  -------         PROC          _DELAY
  D:0006H         SYMBOL        xms
  -------         DO            
  D:0005H         SYMBOL        i
  D:0004H         SYMBOL        j
BL51 BANKED LINKER/LOCATER V6.22                                                      09/14/2026  21:41:34  PAGE 4


  -------         ENDDO         
  C:031CH         LINE#         2
  C:031CH         LINE#         3
  C:031CH         LINE#         5
  C:0326H         LINE#         6
  C:0326H         LINE#         7
  C:0328H         LINE#         8
  C:032AH         LINE#         10
  C:032AH         LINE#         11
  C:032CH         LINE#         12
  C:032EH         LINE#         13
  C:0330H         LINE#         14
  -------         ENDPROC       _DELAY
  -------         ENDMOD        DELAY

  -------         MODULE        LCD1602
  C:0000H         SYMBOL        _ICE_DUMMY_
  D:0080H         PUBLIC        P0
  D:00A0H         PUBLIC        P2
  C:037DH         PUBLIC        _LCD_WriteCommand
  C:02E9H         PUBLIC        _LCD_ShowNum
  C:023DH         PUBLIC        _LCD_ShowBinNum
  C:035CH         PUBLIC        LCD_Delay
  C:0204H         PUBLIC        _LCD_ShowHexNum
  C:02DFH         PUBLIC        _LCD_WriteData
  B:00A0H.7       PUBLIC        LCD_EN
  C:0331H         PUBLIC        LCD_Init
  C:02A8H         PUBLIC        _LCD_ShowString
  C:0387H         PUBLIC        _LCD_ShowChar
  B:00A0H.6       PUBLIC        LCD_RS
  B:00A0H.5       PUBLIC        LCD_RW
  C:0306H         PUBLIC        _LCD_SetCursor
  C:01CAH         PUBLIC        _LCD_ShowSignedNum
  C:0281H         PUBLIC        _LCD_Pow
  -------         PROC          L?0048
  -------         ENDPROC       L?0048
  -------         PROC          LCD_DELAY
  -------         DO            
  D:0007H         SYMBOL        i
  D:0006H         SYMBOL        j
  -------         ENDDO         
  C:035CH         LINE#         15
  C:035CH         LINE#         16
  C:035CH         LINE#         19
  C:035EH         LINE#         20
  C:0360H         LINE#         22
  C:0360H         LINE#         23
  C:0362H         LINE#         24
  C:0364H         LINE#         25
  -------         ENDPROC       LCD_DELAY
  -------         PROC          _LCD_WRITECOMMAND
  D:0007H         SYMBOL        Command
  C:037DH         LINE#         32
  C:037DH         LINE#         33
  C:037DH         LINE#         34
  C:037FH         LINE#         35
  C:037FH         LINE#         36
BL51 BANKED LINKER/LOCATER V6.22                                                      09/14/2026  21:41:34  PAGE 5


  C:037FH         LINE#         37
  C:037FH         LINE#         38
  C:0382H         LINE#         39
  C:0384H         LINE#         40
  -------         ENDPROC       _LCD_WRITECOMMAND
  -------         PROC          L?0047
  -------         ENDPROC       L?0047
  -------         PROC          _LCD_WRITEDATA
  D:0007H         SYMBOL        Data
  C:02DFH         LINE#         48
  C:02DFH         LINE#         49
  C:02DFH         LINE#         50
  C:02E1H         LINE#         51
  C:02E1H         LINE#         52
  C:02E1H         LINE#         53
  C:02E1H         LINE#         54
  C:02E4H         LINE#         55
  C:02E6H         LINE#         56
  -------         ENDPROC       _LCD_WRITEDATA
  -------         PROC          _LCD_SETCURSOR
  D:0006H         SYMBOL        Line
  D:0005H         SYMBOL        Column
  C:0306H         LINE#         65
  C:0308H         LINE#         66
  C:0308H         LINE#         67
  C:030BH         LINE#         68
  C:030BH         LINE#         69
  C:030DH         LINE#         70
  C:030FH         LINE#         71
  C:0312H         LINE#         72
  C:0312H         LINE#         73
  C:031BH         LINE#         74
  C:031BH         LINE#         75
  -------         ENDPROC       _LCD_SETCURSOR
  -------         PROC          LCD_INIT
  C:0331H         LINE#         82
  C:0331H         LINE#         83
  C:0331H         LINE#         84
  C:0336H         LINE#         85
  C:033BH         LINE#         86
  C:0340H         LINE#         87
  -------         ENDPROC       LCD_INIT
  -------         PROC          _LCD_SHOWCHAR
  D:0006H         SYMBOL        Line
  D:0005H         SYMBOL        Column
  D:0004H         SYMBOL        Char
  C:0387H         LINE#         97
  C:0389H         LINE#         98
  C:0389H         LINE#         99
  C:038CH         LINE#         100
  -------         ENDPROC       _LCD_SHOWCHAR
  -------         PROC          _LCD_SHOWSTRING
  D:0007H         SYMBOL        Line
  D:0005H         SYMBOL        Column
  D:0008H         SYMBOL        String
  -------         DO            
  D:0005H         SYMBOL        i
BL51 BANKED LINKER/LOCATER V6.22                                                      09/14/2026  21:41:34  PAGE 6


  -------         ENDDO         
  C:02A8H         LINE#         110
  C:02AEH         LINE#         111
  C:02AEH         LINE#         113
  C:02B1H         LINE#         114
  C:02C4H         LINE#         115
  C:02C4H         LINE#         116
  C:02C7H         LINE#         117
  C:02CAH         LINE#         118
  -------         ENDPROC       _LCD_SHOWSTRING
  C:0277H         SYMBOL        L?0046
  -------         PROC          L?0045
  -------         ENDPROC       L?0045
  C:0277H         SYMBOL        L?0046
  -------         PROC          _LCD_POW
  D:000DH         SYMBOL        X
  D:000FH         SYMBOL        Y
  -------         DO            
  D:0003H         SYMBOL        i
  D:0006H         SYMBOL        Result
  -------         ENDDO         
  C:0281H         LINE#         123
  C:0289H         LINE#         124
  C:0289H         LINE#         126
  C:028DH         LINE#         127
  C:029DH         LINE#         128
  C:029DH         LINE#         129
  C:02A4H         LINE#         130
  C:02A7H         LINE#         131
  C:02A7H         LINE#         132
  -------         ENDPROC       _LCD_POW
  -------         PROC          _LCD_SHOWNUM
  D:0007H         SYMBOL        Line
  D:0005H         SYMBOL        Column
  D:000AH         SYMBOL        Number
  D:000CH         SYMBOL        Length
  -------         DO            
  D:0002H         SYMBOL        i
  -------         ENDDO         
  C:02E9H         LINE#         142
  C:02EDH         LINE#         143
  C:02EDH         LINE#         145
  C:02F0H         LINE#         146
  C:02F8H         LINE#         147
  C:02F8H         LINE#         148
  C:0302H         LINE#         149
  C:0305H         LINE#         150
  -------         ENDPROC       _LCD_SHOWNUM
  -------         PROC          _LCD_SHOWSIGNEDNUM
  D:0007H         SYMBOL        Line
  D:0005H         SYMBOL        Column
  D:0002H         SYMBOL        Number
  D:0015H         SYMBOL        Length
  -------         DO            
  D:0002H         SYMBOL        i
  D:0016H         SYMBOL        Number1
  -------         ENDDO         
BL51 BANKED LINKER/LOCATER V6.22                                                      09/14/2026  21:41:34  PAGE 7


  C:01CAH         LINE#         160
  C:01CAH         LINE#         161
  C:01CAH         LINE#         164
  C:01CDH         LINE#         165
  C:01D5H         LINE#         166
  C:01D5H         LINE#         167
  C:01DAH         LINE#         168
  C:01DEH         LINE#         169
  C:01E0H         LINE#         171
  C:01E0H         LINE#         172
  C:01E5H         LINE#         173
  C:01EEH         LINE#         174
  C:01EEH         LINE#         175
  C:01F6H         LINE#         176
  C:01F6H         LINE#         177
  C:0200H         LINE#         178
  C:0203H         LINE#         179
  -------         ENDPROC       _LCD_SHOWSIGNEDNUM
  -------         PROC          _LCD_SHOWHEXNUM
  D:0007H         SYMBOL        Line
  D:0005H         SYMBOL        Column
  D:001FH         SYMBOL        Number
  D:0021H         SYMBOL        Length
  -------         DO            
  D:0002H         SYMBOL        i
  D:0006H         SYMBOL        SingleNumber
  -------         ENDDO         
  C:0204H         LINE#         189
  C:0208H         LINE#         190
  C:0208H         LINE#         192
  C:020BH         LINE#         193
  C:0213H         LINE#         194
  C:0213H         LINE#         195
  C:0229H         LINE#         196
  C:022FH         LINE#         197
  C:022FH         LINE#         198
  C:0231H         LINE#         199
  C:0233H         LINE#         201
  C:0233H         LINE#         202
  C:0239H         LINE#         203
  C:0239H         LINE#         204
  C:023CH         LINE#         205
  -------         ENDPROC       _LCD_SHOWHEXNUM
  -------         PROC          _LCD_SHOWBINNUM
  D:0007H         SYMBOL        Line
  D:0005H         SYMBOL        Column
  D:0024H         SYMBOL        Number
  D:0026H         SYMBOL        Length
  -------         DO            
  D:0002H         SYMBOL        i
  -------         ENDDO         
  C:023DH         LINE#         215
  C:0241H         LINE#         216
  C:0241H         LINE#         218
  C:0244H         LINE#         219
  C:024CH         LINE#         220
  C:024CH         LINE#         221
BL51 BANKED LINKER/LOCATER V6.22                                                      09/14/2026  21:41:34  PAGE 8


  C:0271H         LINE#         222
  C:0274H         LINE#         223
  -------         ENDPROC       _LCD_SHOWBINNUM
  -------         ENDMOD        LCD1602

  -------         MODULE        TIMER0
  C:0000H         SYMBOL        _ICE_DUMMY_
  B:00A8H.7       PUBLIC        EA
  D:0089H         PUBLIC        TMOD
  B:00A8H.1       PUBLIC        ET0
  B:0088H.5       PUBLIC        TF0
  C:0345H         PUBLIC        Timer0Init
  B:00B8H.1       PUBLIC        PT0
  B:0088H.4       PUBLIC        TR0
  -------         PROC          TIMER0INIT
  C:0345H         LINE#         9
  C:0345H         LINE#         10
  C:0345H         LINE#         11
  C:0348H         LINE#         12
  C:034BH         LINE#         13
  C:034DH         LINE#         14
  C:034FH         LINE#         15
  C:0351H         LINE#         16
  C:0353H         LINE#         17
  C:0355H         LINE#         18
  -------         ENDPROC       TIMER0INIT
  -------         ENDMOD        TIMER0

  -------         MODULE        ?C?CLDOPTR
  C:000EH         PUBLIC        ?C?CLDOPTR
  -------         ENDMOD        ?C?CLDOPTR

  -------         MODULE        ?C?IMUL
  C:003BH         PUBLIC        ?C?IMUL
  -------         ENDMOD        ?C?IMUL

  -------         MODULE        ?C?UIDIV
  C:004DH         PUBLIC        ?C?UIDIV
  -------         ENDMOD        ?C?UIDIV

Program Size: data=40.0 xdata=0 code=905
LINK/LOCATE RUN COMPLETE.  0 WARNING(S),  0 ERROR(S)
