C51 COMPILER V9.56.0.0   TIMER0                                                            09/14/2026 21:06:21 PAGE 1   


C51 COMPILER V9.56.0.0, COMPILATION OF MODULE TIMER0
OBJECT MODULE PLACED IN .\Objects\Timer0.obj
COMPILER INVOKED BY: C:\Keil_v5\C51\BIN\C51.EXE Timer0.c OPTIMIZE(8,SPEED) BROWSE INCDIR(C:\Keil_v5\C51\INC\Atmel) DEBUG
                    - OBJECTEXTEND PRINT(.\Listings\Timer0.lst) TABS(2) OBJECT(.\Objects\Timer0.obj)

line level    source

   1          #include <REGX52.H>
   2          
   3          /**
   4            * @brief  定时器0初始化，1毫秒@12.000MHz
   5            * @param  无
   6            * @retval 无
   7            */
   8          
   9          void Timer0Init(void)
  10          {
  11   1        TMOD &= 0xF0;   //设置定时器模式
  12   1        TMOD |= 0x01;   //设置定时器模式
  13   1        TF0 = 0;    //清除TF0标志
  14   1        TR0 = 1;    //定时器0开始计时
  15   1        ET0=1;
  16   1        EA=1;
  17   1        PT0=0;
  18   1      }


MODULE INFORMATION:   STATIC OVERLAYABLE
   CODE SIZE        =     17    ----
   CONSTANT SIZE    =   ----    ----
   XDATA SIZE       =   ----    ----
   PDATA SIZE       =   ----    ----
   DATA SIZE        =   ----    ----
   IDATA SIZE       =   ----    ----
   BIT SIZE         =   ----    ----
END OF MODULE INFORMATION.


C51 COMPILATION COMPLETE.  0 WARNING(S),  0 ERROR(S)
