A51 MACRO ASSEMBLER  MAIN                                                                 09/23/2026 11:39:35 PAGE     1


MACRO ASSEMBLER A51 V8.2.5.0
OBJECT MODULE PLACED IN .\Objects\Main.obj
ASSEMBLER INVOKED BY: C:\Keil_v5\C51\BIN\A51.EXE Main.a51 SET(SMALL) DEBUG PRINT(.\Listings\Main.lst) OBJECT(.\Objects\M
                      ain.obj) EP

LOC  OBJ            LINE     SOURCE

0000                   1     ORG 0000H

0000 020100            2     LJMP MAIN

                       3     

0100                   4     ORG 0100H

0100                   5     MAIN:

0100 120105            6         LCALL _74595HC_WRITEBYTE

                       7     

0103                   8         LOOP:

                       9             

0103 80FE             10             SJMP LOOP

                      11     

0105                  12     _74595HC_WRITEBYTE:

0105 758000           13         MOV P0, #0000

0108 D2B4             14         SETB P3.4

010A C2B6             15         CLR P3.6

010C C2B5             16         CLR P3.5 

                      17         

010E 7808             18         MOV R0, #0008

                      19         

0110                  20         CIR1:

0110 D2B6             21             SETB P3.6   ;SCLK

0112 C2B6             22             CLR P3.6

0114 D8FA             23         DJNZ R0,CIR1

                      24     

0116 D2B5             25         SETB P3.5       ;RCLK

0118 C2B5             26         CLR P3.5

011A 22               27         RET

                      28     END

A51 MACRO ASSEMBLER  MAIN                                                                 09/23/2026 11:39:35 PAGE     2

SYMBOL TABLE LISTING
------ ----- -------


N A M E             T Y P E  V A L U E   ATTRIBUTES

CIR1 . . . . . . .  C ADDR   0110H   A   
LOOP . . . . . . .  C ADDR   0103H   A   
MAIN . . . . . . .  C ADDR   0100H   A   
P0 . . . . . . . .  D ADDR   0080H   A   
P3 . . . . . . . .  D ADDR   00B0H   A   
_74595HC_WRITEBYTE  C ADDR   0105H   A   


REGISTER BANK(S) USED: 0 


ASSEMBLY COMPLETE.  0 WARNING(S), 0 ERROR(S)
