C51 COMPILER V9.56.0.0   MAIN                                                              09/22/2026 19:31:10 PAGE 1   


C51 COMPILER V9.56.0.0, COMPILATION OF MODULE MAIN
OBJECT MODULE PLACED IN .\Objects\Main.obj
COMPILER INVOKED BY: C:\Keil_v5\C51\BIN\C51.EXE Main.c OPTIMIZE(8,SPEED) BROWSE INCDIR(C:\Keil_v5\C51\INC\STC) DEBUG OBJ
                    -ECTEXTEND PRINT(.\Listings\Main.lst) TABS(2) OBJECT(.\Objects\Main.obj)

line level    source

   1          #include <STC89C5xRC.H>
   2          #include <INTRINS.H>
   3          #include "Board_LED_74595HC.h"
   4          
   5          sbit RCK = P3^5;        //RCLK
   6          sbit SCK = P3^6;        //SRCLK
   7          sbit SER = P3^4;        //SER
   8          
   9          // 放在 main 函数外；code 将字模存入 Keil C51 程序存储区
  10          // 共 160 列，首字节对应画布最右列
  11          unsigned char code dat[160] = {
  12              0x08, 0x04, 0x02, 0x01, 0x01, 0x02, 0x04, 0x08, 0x10, 0x20, 0x40, 0x80,
  13              0x80, 0x40, 0x20, 0x10, 0x08, 0x04, 0x02, 0x01, 0x01, 0x02, 0x04, 0x08,
  14              0x10, 0x20, 0x40, 0x80, 0x80, 0x40, 0x20, 0x10, 0x08, 0x04, 0x02, 0x01,
  15              0x01, 0x02, 0x04, 0x08, 0x10, 0x20, 0x40, 0x80, 0x80, 0x40, 0x20, 0x10,
  16              0x08, 0x04, 0x02, 0x01, 0x01, 0x02, 0x04, 0x08, 0x10, 0x20, 0x40, 0x80,
  17              0x80, 0x40, 0x20, 0x10, 0x08, 0x04, 0x02, 0x01, 0x01, 0x02, 0x04, 0x08,
  18              0x10, 0x20, 0x40, 0x80, 0x80, 0x40, 0x20, 0x10, 0x08, 0x04, 0x02, 0x01,
  19              0x01, 0x02, 0x04, 0x08, 0x00, 0x00, 0x00, 0x5F, 0x00, 0x00, 0x00, 0x3E,
  20              0x41, 0x41, 0x41, 0x7F, 0x00, 0x40, 0x40, 0x40, 0x40, 0x7F, 0x00, 0x46,
  21              0x29, 0x19, 0x09, 0x7F, 0x00, 0x3E, 0x41, 0x41, 0x41, 0x3E, 0x00, 0x7F,
  22              0x20, 0x18, 0x20, 0x7F, 0x00, 0x00, 0x00, 0x00, 0x00, 0x00, 0x00, 0x3E,
  23              0x41, 0x41, 0x41, 0x3E, 0x00, 0x40, 0x40, 0x40, 0x40, 0x7F, 0x00, 0x40,
  24              0x40, 0x40, 0x40, 0x7F, 0x00, 0x41, 0x49, 0x49, 0x49, 0x7F, 0x00, 0x7F,
  25              0x08, 0x08, 0x08, 0x7F
  26          };
  27          
  28          void Delay2ms(void) //@11.0592MHz
  29          {
  30   1        unsigned char data i, j;
  31   1      
  32   1        _nop_();
  33   1        i = 4;
  34   1        j = 146;
  35   1        do
  36   1        {
  37   2          while (--j);
  38   2        } while (--i);
  39   1      }
  40          
  41          void main(void)
  42          {
  43   1          MatrixLED_Init();
  44   1          while(1)
  45   1          {
  46   2              unsigned int scroll_frame;
  47   2              unsigned char scroll_hold, scroll_col, scroll_byte;
  48   2      
  49   2              for (scroll_frame = 0; scroll_frame < sizeof(dat) + 9; ++scroll_frame) {
  50   3                  for (scroll_hold = 0; scroll_hold < 2; ++scroll_hold) {
  51   4                      for (scroll_col = 0; scroll_col < 8; ++scroll_col) {
  52   5                          scroll_byte = 0x00;
  53   5                          if (scroll_frame >= scroll_col + 1 &&
  54   5                              scroll_frame <= sizeof(dat) + scroll_col) {
C51 COMPILER V9.56.0.0   MAIN                                                              09/22/2026 19:31:10 PAGE 2   

  55   6                              scroll_byte = dat[sizeof(dat) - scroll_frame + scroll_col];
  56   6                          }
  57   5                          P0 = 0xFF;
  58   5                          MatrixLED_ColumnScan(scroll_col + 1, scroll_byte);
  59   5                          Delay2ms();
  60   5                          P0 = 0xFF;
  61   5                      }
  62   4                  }
  63   3              }
  64   2          }
  65   1      }


MODULE INFORMATION:   STATIC OVERLAYABLE
   CODE SIZE        =    154    ----
   CONSTANT SIZE    =    160    ----
   XDATA SIZE       =   ----    ----
   PDATA SIZE       =   ----    ----
   DATA SIZE        =   ----       5
   IDATA SIZE       =   ----    ----
   BIT SIZE         =   ----    ----
END OF MODULE INFORMATION.


C51 COMPILATION COMPLETE.  0 WARNING(S),  0 ERROR(S)
