BL51 BANKED LINKER/LOCATER V6.22                                                        09/22/2026  19:31:10  PAGE 1


BL51 BANKED LINKER/LOCATER V6.22, INVOKED BY:
C:\KEIL_V5\C51\BIN\BL51.EXE .\Objects\Main.obj, .\Objects\STARTUP.obj, .\Objects\Board_LED_74595HC.obj TO .\Objects\Proj
>> ect PRINT (.\Listings\Project.m51) RAMSIZE (256)


MEMORY MODEL: SMALL


INPUT MODULES INCLUDED:
  .\Objects\Main.obj (MAIN)
  .\Objects\STARTUP.obj (?C_STARTUP)
  .\Objects\Board_LED_74595HC.obj (BOARD_LED_74595HC)


LINK MAP OF MODULE:  .\Objects\Project (MAIN)


            TYPE    BASE      LENGTH    RELOCATION   SEGMENT NAME
            -----------------------------------------------------

            * * * * * * *   D A T A   M E M O R Y   * * * * * * *
            REG     0000H     0008H     ABSOLUTE     "REG BANK 0"
            DATA    0008H     0005H     UNIT         _DATA_GROUP_
            IDATA   000DH     0001H     UNIT         ?STACK

            * * * * * * *   C O D E   M E M O R Y   * * * * * * *
            CODE    0000H     0003H     ABSOLUTE     
            CODE    0003H     00A0H     UNIT         ?CO?MAIN
            CODE    00A3H     0090H     UNIT         ?PR?MAIN?MAIN
            CODE    0133H     001CH     UNIT         ?PR?__74595HC_WRITEBYTE?BOARD_LED_74595HC
            CODE    014FH     001BH     UNIT         ?PR?_MATRIXLED_COLUMNSCAN?BOARD_LED_74595HC
            CODE    016AH     000CH     UNIT         ?C_C51STARTUP
            CODE    0176H     000AH     UNIT         ?PR?DELAY2MS?MAIN
            CODE    0180H     0008H     UNIT         ?PR?MATRIXLED_INIT?BOARD_LED_74595HC



OVERLAY MAP OF MODULE:   .\Objects\Project (MAIN)


SEGMENT                                            DATA_GROUP 
  +--> CALLED SEGMENT                            START    LENGTH
----------------------------------------------------------------
?C_C51STARTUP                                    -----    -----
  +--> ?PR?MAIN?MAIN

?PR?MAIN?MAIN                                    0008H    0005H
  +--> ?PR?MATRIXLED_INIT?BOARD_LED_74595HC
  +--> ?CO?MAIN
  +--> ?PR?_MATRIXLED_COLUMNSCAN?BOARD_LED_7...
  +--> ?PR?DELAY2MS?MAIN

?PR?_MATRIXLED_COLUMNSCAN?BOARD_LED_7...         -----    -----
  +--> ?PR?__74595HC_WRITEBYTE?BOARD_LED_745...



SYMBOL TABLE OF MODULE:  .\Objects\Project (MAIN)
BL51 BANKED LINKER/LOCATER V6.22                                                      09/22/2026  19:31:10  PAGE 2



  VALUE           TYPE          NAME
  ----------------------------------

  -------         MODULE        MAIN
  C:0000H         SYMBOL        _ICE_DUMMY_
  D:0080H         PUBLIC        P0
  D:0090H         PUBLIC        P1
  D:00A0H         PUBLIC        P2
  D:00C0H         PUBLIC        XICON
  D:00B0H         PUBLIC        P3
  D:00E8H         PUBLIC        P4
  C:0176H         PUBLIC        Delay2ms
  D:00A8H         PUBLIC        IE
  D:00B8H         PUBLIC        IP
  C:00A3H         PUBLIC        main
  D:0098H         PUBLIC        SCON
  D:0088H         PUBLIC        TCON
  C:0003H         PUBLIC        dat
  D:00F0H         PUBLIC        B
  D:00E0H         PUBLIC        ACC
  D:00C8H         PUBLIC        T2CON
  D:00D0H         PUBLIC        PSW
  -------         PROC          DELAY2MS
  -------         DO            
  D:0007H         SYMBOL        i
  D:0006H         SYMBOL        j
  -------         ENDDO         
  C:0176H         LINE#         28
  C:0176H         LINE#         29
  C:0176H         LINE#         32
  C:0177H         LINE#         33
  C:0179H         LINE#         34
  C:017BH         LINE#         36
  C:017BH         LINE#         37
  C:017DH         LINE#         38
  C:017FH         LINE#         39
  -------         ENDPROC       DELAY2MS
  -------         PROC          MAIN
  -------         DO            
  D:0008H         SYMBOL        scroll_frame
  D:000AH         SYMBOL        scroll_hold
  D:000BH         SYMBOL        scroll_col
  D:000CH         SYMBOL        scroll_byte
  -------         ENDDO         
  C:00A3H         LINE#         41
  C:00A3H         LINE#         42
  C:00A3H         LINE#         43
  C:00A6H         LINE#         44
  C:00A6H         LINE#         45
  C:00A6H         LINE#         49
  C:00ABH         LINE#         50
  C:00AEH         LINE#         51
  C:00B1H         LINE#         52
  C:00B4H         LINE#         53
  C:00D7H         LINE#         54
  C:00D7H         LINE#         55
BL51 BANKED LINKER/LOCATER V6.22                                                      09/22/2026  19:31:10  PAGE 3


  C:00F8H         LINE#         56
  C:00F8H         LINE#         57
  C:00FBH         LINE#         58
  C:0104H         LINE#         59
  C:0107H         LINE#         60
  C:010AH         LINE#         61
  C:0113H         LINE#         62
  C:011CH         LINE#         63
  -------         ENDPROC       MAIN
  -------         ENDMOD        MAIN

  -------         MODULE        ?C_STARTUP
  C:016AH         SEGMENT       ?C_C51STARTUP
  I:000DH         SEGMENT       ?STACK
  C:0000H         PUBLIC        ?C_STARTUP
  D:00E0H         SYMBOL        ACC
  D:00F0H         SYMBOL        B
  D:0083H         SYMBOL        DPH
  D:0082H         SYMBOL        DPL
  N:0000H         SYMBOL        IBPSTACK
  N:0100H         SYMBOL        IBPSTACKTOP
  N:0080H         SYMBOL        IDATALEN
  C:016DH         SYMBOL        IDATALOOP
  N:0000H         SYMBOL        PBPSTACK
  N:0100H         SYMBOL        PBPSTACKTOP
  N:0000H         SYMBOL        PDATALEN
  N:0000H         SYMBOL        PDATASTART
  N:0000H         SYMBOL        PPAGE
  N:0000H         SYMBOL        PPAGEENABLE
  D:00A0H         SYMBOL        PPAGE_SFR
  D:0081H         SYMBOL        SP
  C:016AH         SYMBOL        STARTUP1
  N:0000H         SYMBOL        XBPSTACK
  N:0000H         SYMBOL        XBPSTACKTOP
  N:0000H         SYMBOL        XDATALEN
  N:0000H         SYMBOL        XDATASTART
  C:0000H         LINE#         126
  C:016AH         LINE#         133
  C:016CH         LINE#         134
  C:016DH         LINE#         135
  C:016EH         LINE#         136
  C:0170H         LINE#         185
  C:0173H         LINE#         196
  -------         ENDMOD        ?C_STARTUP

  -------         MODULE        BOARD_LED_74595HC
  C:0000H         SYMBOL        _ICE_DUMMY_
  D:0080H         PUBLIC        P0
  C:0133H         PUBLIC        __74595HC_WriteByte
  D:0090H         PUBLIC        P1
  D:00A0H         PUBLIC        P2
  D:00C0H         PUBLIC        XICON
  D:00B0H         PUBLIC        P3
  D:00E8H         PUBLIC        P4
  D:00A8H         PUBLIC        IE
  D:00B8H         PUBLIC        IP
  C:014FH         PUBLIC        _MatrixLED_ColumnScan
BL51 BANKED LINKER/LOCATER V6.22                                                      09/22/2026  19:31:10  PAGE 4


  D:0098H         PUBLIC        SCON
  D:0088H         PUBLIC        TCON
  D:00F0H         PUBLIC        B
  C:0180H         PUBLIC        MatrixLED_Init
  D:00E0H         PUBLIC        ACC
  B:00B0H.5       PUBLIC        RCK
  B:00B0H.6       PUBLIC        SCK
  D:00C8H         PUBLIC        T2CON
  B:00B0H.4       PUBLIC        SER
  D:00D0H         PUBLIC        PSW
  -------         PROC          MATRIXLED_INIT
  C:0180H         LINE#         8
  C:0180H         LINE#         9
  C:0180H         LINE#         10
  C:0182H         LINE#         11
  C:0184H         LINE#         12
  C:0187H         LINE#         13
  -------         ENDPROC       MATRIXLED_INIT
  -------         PROC          __74595HC_WRITEBYTE
  D:0007H         SYMBOL        dat
  -------         DO            
  D:0006H         SYMBOL        i
  -------         ENDDO         
  C:0133H         LINE#         15
  C:0133H         LINE#         16
  C:0133H         LINE#         19
  C:0135H         LINE#         20
  C:0135H         LINE#         21
  C:0142H         LINE#         22
  C:0144H         LINE#         23
  C:0146H         LINE#         24
  C:014AH         LINE#         26
  C:014CH         LINE#         27
  C:014EH         LINE#         28
  -------         ENDPROC       __74595HC_WRITEBYTE
  -------         PROC          _MATRIXLED_COLUMNSCAN
  D:0005H         SYMBOL        column
  D:0006H         SYMBOL        dat
  C:014FH         LINE#         30
  C:0153H         LINE#         31
  C:0153H         LINE#         32
  C:0158H         LINE#         33
  C:0169H         LINE#         34
  -------         ENDPROC       _MATRIXLED_COLUMNSCAN
  -------         ENDMOD        BOARD_LED_74595HC

Program Size: data=14.0 xdata=0 code=392
LINK/LOCATE RUN COMPLETE.  0 WARNING(S),  0 ERROR(S)
