BL51 BANKED LINKER/LOCATER V6.22                                                        09/21/2026  22:06:07  PAGE 1


BL51 BANKED LINKER/LOCATER V6.22, INVOKED BY:
C:\KEIL_V5\C51\BIN\BL51.EXE .\Objects\Main.obj, .\Objects\STARTUP.obj TO .\Objects\Project PRINT (.\Listings\Project.m51
>> ) RAMSIZE (256)


MEMORY MODEL: SMALL


INPUT MODULES INCLUDED:
  .\Objects\Main.obj (MAIN)
  .\Objects\STARTUP.obj (?C_STARTUP)
  C:\KEIL_V5\C51\LIB\C51S.LIB (?C?COPY)


LINK MAP OF MODULE:  .\Objects\Project (MAIN)


            TYPE    BASE      LENGTH    RELOCATION   SEGMENT NAME
            -----------------------------------------------------

            * * * * * * *   D A T A   M E M O R Y   * * * * * * *
            REG     0000H     0008H     ABSOLUTE     "REG BANK 0"
            DATA    0008H     0009H     UNIT         _DATA_GROUP_
            IDATA   0011H     0001H     UNIT         ?STACK

            * * * * * * *   C O D E   M E M O R Y   * * * * * * *
            CODE    0000H     0003H     ABSOLUTE     
            CODE    0003H     00F6H     UNIT         ?C?LIB_CODE
            CODE    00F9H     003CH     UNIT         ?PR?MAIN?MAIN
            CODE    0135H     0024H     UNIT         ?PR?__74595HC_WRITEBYTE?MAIN
            CODE    0159H     001BH     UNIT         ?PR?_MATRIX_LED_COLUMN_SCAN?MAIN
            CODE    0174H     000CH     UNIT         ?C_C51STARTUP
            CODE    0180H     000AH     UNIT         ?PR?DELAY2MS?MAIN
            CODE    018AH     0008H     UNIT         ?CO?MAIN



OVERLAY MAP OF MODULE:   .\Objects\Project (MAIN)


SEGMENT                                    DATA_GROUP 
  +--> CALLED SEGMENT                    START    LENGTH
--------------------------------------------------------
?C_C51STARTUP                            -----    -----
  +--> ?PR?MAIN?MAIN

?PR?MAIN?MAIN                            0008H    0009H
  +--> ?CO?MAIN
  +--> ?PR?_MATRIX_LED_COLUMN_SCAN?MAIN
  +--> ?PR?DELAY2MS?MAIN

?PR?_MATRIX_LED_COLUMN_SCAN?MAIN         -----    -----
  +--> ?PR?__74595HC_WRITEBYTE?MAIN



SYMBOL TABLE OF MODULE:  .\Objects\Project (MAIN)

BL51 BANKED LINKER/LOCATER V6.22                                                      09/21/2026  22:06:07  PAGE 2


  VALUE           TYPE          NAME
  ----------------------------------

  -------         MODULE        MAIN
  C:0000H         SYMBOL        _ICE_DUMMY_
  D:0080H         PUBLIC        P0
  C:0135H         PUBLIC        __74595HC_WriteByte
  D:0090H         PUBLIC        P1
  D:00A0H         PUBLIC        P2
  D:00C0H         PUBLIC        XICON
  D:00B0H         PUBLIC        P3
  D:00E8H         PUBLIC        P4
  C:0180H         PUBLIC        Delay2ms
  D:00A8H         PUBLIC        IE
  D:00B8H         PUBLIC        IP
  C:00F9H         PUBLIC        main
  D:0098H         PUBLIC        SCON
  D:0088H         PUBLIC        TCON
  D:00F0H         PUBLIC        B
  C:018AH         SYMBOL        _?ix1000
  D:00E0H         PUBLIC        ACC
  B:00B0H.5       PUBLIC        RCK
  B:00B0H.6       PUBLIC        SCK
  D:00C8H         PUBLIC        T2CON
  C:0159H         PUBLIC        _Matrix_LED_Column_Scan
  B:00B0H.4       PUBLIC        SER
  D:00D0H         PUBLIC        PSW
  -------         PROC          DELAY2MS
  -------         DO            
  D:0007H         SYMBOL        i
  D:0006H         SYMBOL        j
  -------         ENDDO         
  C:0180H         LINE#         8
  C:0180H         LINE#         9
  C:0180H         LINE#         12
  C:0181H         LINE#         13
  C:0183H         LINE#         14
  C:0185H         LINE#         16
  C:0185H         LINE#         17
  C:0187H         LINE#         18
  C:0189H         LINE#         19
  -------         ENDPROC       DELAY2MS
  -------         PROC          __74595HC_WRITEBYTE
  D:0007H         SYMBOL        x
  -------         DO            
  D:0006H         SYMBOL        mod
  D:0005H         SYMBOL        i
  -------         ENDDO         
  C:0135H         LINE#         21
  C:0135H         LINE#         22
  C:0135H         LINE#         23
  C:0137H         LINE#         25
  C:0139H         LINE#         26
  C:014CH         LINE#         27
  C:014EH         LINE#         28
  C:0150H         LINE#         29
  C:0154H         LINE#         30
BL51 BANKED LINKER/LOCATER V6.22                                                      09/21/2026  22:06:07  PAGE 3


  C:0156H         LINE#         31
  C:0158H         LINE#         32
  -------         ENDPROC       __74595HC_WRITEBYTE
  -------         PROC          _MATRIX_LED_COLUMN_SCAN
  D:0004H         SYMBOL        column
  D:0006H         SYMBOL        dat
  C:0159H         LINE#         34
  C:015DH         LINE#         35
  C:015DH         LINE#         36
  C:0162H         LINE#         37
  C:0173H         LINE#         38
  -------         ENDPROC       _MATRIX_LED_COLUMN_SCAN
  -------         PROC          MAIN
  -------         DO            
  D:0008H         SYMBOL        dat
  -------         DO            
  D:0010H         SYMBOL        i
  -------         ENDDO         
  -------         ENDDO         
  C:00F9H         LINE#         40
  C:00F9H         LINE#         41
  C:00F9H         LINE#         42
  C:010CH         LINE#         43
  C:010EH         LINE#         44
  C:0110H         LINE#         45
  C:0113H         LINE#         46
  C:0113H         LINE#         47
  C:0113H         LINE#         49
  C:0116H         LINE#         50
  C:0124H         LINE#         51
  C:0127H         LINE#         52
  C:012AH         LINE#         53
  -------         ENDPROC       MAIN
  -------         ENDMOD        MAIN

  -------         MODULE        ?C_STARTUP
  C:0174H         SEGMENT       ?C_C51STARTUP
  I:0011H         SEGMENT       ?STACK
  C:0000H         PUBLIC        ?C_STARTUP
  D:00E0H         SYMBOL        ACC
  D:00F0H         SYMBOL        B
  D:0083H         SYMBOL        DPH
  D:0082H         SYMBOL        DPL
  N:0000H         SYMBOL        IBPSTACK
  N:0100H         SYMBOL        IBPSTACKTOP
  N:0080H         SYMBOL        IDATALEN
  C:0177H         SYMBOL        IDATALOOP
  N:0000H         SYMBOL        PBPSTACK
  N:0100H         SYMBOL        PBPSTACKTOP
  N:0000H         SYMBOL        PDATALEN
  N:0000H         SYMBOL        PDATASTART
  N:0000H         SYMBOL        PPAGE
  N:0000H         SYMBOL        PPAGEENABLE
  D:00A0H         SYMBOL        PPAGE_SFR
  D:0081H         SYMBOL        SP
  C:0174H         SYMBOL        STARTUP1
  N:0000H         SYMBOL        XBPSTACK
BL51 BANKED LINKER/LOCATER V6.22                                                      09/21/2026  22:06:07  PAGE 4


  N:0000H         SYMBOL        XBPSTACKTOP
  N:0000H         SYMBOL        XDATALEN
  N:0000H         SYMBOL        XDATASTART
  C:0000H         LINE#         126
  C:0174H         LINE#         133
  C:0176H         LINE#         134
  C:0177H         LINE#         135
  C:0178H         LINE#         136
  C:017AH         LINE#         185
  C:017DH         LINE#         196
  -------         ENDMOD        ?C_STARTUP

  -------         MODULE        ?C?COPY
  C:00D3H         PUBLIC        ?C?COPY
  -------         ENDMOD        ?C?COPY

Program Size: data=18.0 xdata=0 code=402
LINK/LOCATE RUN COMPLETE.  0 WARNING(S),  0 ERROR(S)
