C51 COMPILER V9.56.0.0   BOARD_DS1302                                                      09/24/2026 12:45:45 PAGE 1   


C51 COMPILER V9.56.0.0, COMPILATION OF MODULE BOARD_DS1302
OBJECT MODULE PLACED IN .\Objects\Board_DS1302.obj
COMPILER INVOKED BY: C:\Keil_v5\C51\BIN\C51.EXE Board_DS1302.c OPTIMIZE(8,SPEED) BROWSE INCDIR(C:\Keil_v5\C51\INC\STC) D
                    -EBUG OBJECTEXTEND PRINT(.\Listings\Board_DS1302.lst) TABS(2) OBJECT(.\Objects\Board_DS1302.obj)

line level    source

   1          #include <STC89C5xRC.H>
   2          
   3          sbit DS1302_CE   = P3^5;
   4          sbit DS1302_SCLK = P3^6;
   5          sbit DS1302_IO   = P3^4;
   6          
   7          void DS1302_Init(void)
   8          {
   9   1          DS1302_CE = 0;
  10   1          DS1302_SCLK = 0;
  11   1          DS1302_IO = 0;
  12   1      }
  13          
  14          unsigned char DS1302_ReadByte(unsigned char cmd)
  15          {
  16   1          unsigned char i;
  17   1          unsigned char dat = 0x00;
  18   1      
  19   1          DS1302_CE = 1;
  20   1      
  21   1          for(i=0;i<8;++i)
  22   1          {
  23   2              DS1302_IO = cmd & 0x01;
  24   2              cmd >>= 1;
  25   2      
  26   2              DS1302_SCLK = 1;
  27   2              DS1302_SCLK = 0;
  28   2          }
  29   1      
  30   1          for(i=0;i<8;++i)
  31   1          {
  32   2              if(DS1302_IO)
  33   2              {
  34   3                  dat |= (0x01 << i);
  35   3              }
  36   2      
  37   2              DS1302_SCLK = 1;
  38   2              DS1302_SCLK = 0;
  39   2          }
  40   1      
  41   1          DS1302_Init();
  42   1      
  43   1          return dat;
  44   1      }
  45          
  46          void DS1302_WriteByte(unsigned char cmd, unsigned char dat)
  47          {
  48   1          unsigned char i;
  49   1      
  50   1          DS1302_CE = 1;
  51   1      
  52   1          for(i=0;i<8;++i)
  53   1          {
  54   2              DS1302_IO = cmd & 0x01;
C51 COMPILER V9.56.0.0   BOARD_DS1302                                                      09/24/2026 12:45:45 PAGE 2   

  55   2              cmd >>= 1;
  56   2      
  57   2              DS1302_SCLK = 1;
  58   2              DS1302_SCLK = 0;
  59   2          }
  60   1      
  61   1          for(i=0;i<8;++i)
  62   1          {
  63   2              DS1302_IO = dat & 0x01;
  64   2              dat >>= 1;
  65   2      
  66   2              DS1302_SCLK = 1;
  67   2              DS1302_SCLK = 0;
  68   2          }
  69   1      
  70   1          DS1302_Init();
  71   1      }
  72          
  73          void DS1302_Disable_WriteProtection(void)
  74          {
  75   1          DS1302_WriteByte(0x8E, 0x00);
  76   1      }
  77          
  78          void DS1302_Enable_WriteProtection(void)
  79          {
  80   1          DS1302_WriteByte(0x8E, 0x80);
  81   1      }


MODULE INFORMATION:   STATIC OVERLAYABLE
   CODE SIZE        =    115    ----
   CONSTANT SIZE    =   ----    ----
   XDATA SIZE       =   ----    ----
   PDATA SIZE       =   ----    ----
   DATA SIZE        =   ----    ----
   IDATA SIZE       =   ----    ----
   BIT SIZE         =   ----    ----
END OF MODULE INFORMATION.


C51 COMPILATION COMPLETE.  0 WARNING(S),  0 ERROR(S)
