C51 COMPILER V9.56.0.0   MAIN                                                              09/16/2026 15:46:48 PAGE 1   


C51 COMPILER V9.56.0.0, COMPILATION OF MODULE MAIN
OBJECT MODULE PLACED IN .\Objects\Main.obj
COMPILER INVOKED BY: C:\Keil_v5\C51\BIN\C51.EXE Main.c OPTIMIZE(8,SPEED) BROWSE INCDIR(C:\Keil_v5\C51\INC\Atmel) DEBUG O
                    -BJECTEXTEND PRINT(.\Listings\Main.lst) TABS(2) OBJECT(.\Objects\Main.obj)

line level    source

   1          #include <REGX52.H>
   2          #include "LCD1602.h"
   3          
   4          unsigned char str[32];
   5          unsigned char str_val1=0;
   6          
   7          void Reset_str(void){
   8   1          unsigned char i;
   9   1          for(i=0;i<32;++i){
  10   2              str[i] = ' ';
  11   2          }
  12   1      }
  13          
  14          void Delay20ms(void)  //@11.0592MHz
  15          {
  16   1        unsigned char data i, j;
  17   1      
  18   1        i = 36;
  19   1        j = 217;
  20   1        do
  21   1        {
  22   2          while (--j);
  23   2        } while (--i);
  24   1      }
  25          
  26          void UART_Init(void)
  27          {
  28   1          SCON = 0x50;
  29   1      
  30   1          TMOD &= 0x0F;
  31   1          TMOD |= 0x20;
  32   1      
  33   1          PCON &= 0x7F;
  34   1      
  35   1          TH1 = 0xFD;
  36   1          TL1 = 0xFD;
  37   1      
  38   1          TR1 = 1;
  39   1      }
  40          
  41          void UART_SendByte(unsigned char dat)
  42          {
  43   1          SBUF = dat;
  44   1      
  45   1          while(TI == 0);
  46   1      
  47   1          TI = 0;
  48   1      }
  49          
  50          unsigned char UART_ReceiveByte(void)
  51          {
  52   1          unsigned char dat;
  53   1      
  54   1          while(RI == 0);
C51 COMPILER V9.56.0.0   MAIN                                                              09/16/2026 15:46:48 PAGE 2   

  55   1      
  56   1          RI = 0;
  57   1          dat = SBUF;
  58   1      
  59   1          return dat;
  60   1      }
  61          
  62          void Int0_init(void){
  63   1          EA = 1;
  64   1          EX0 = 1;
  65   1          IT0 = 1;
  66   1      }
  67          
  68          void Int0_Routine(void) interrupt 0{
  69   1          unsigned char i;
  70   1          Delay20ms();
  71   1          if(P3_2 == 0){
  72   2              for(i=0;i<32;++i){
  73   3                  if(i>15) LCD_ShowChar(2,i-15,str[i]);
  74   3                  else LCD_ShowChar(1,i+1,str[i]);
  75   3              }
  76   2              Reset_str();
  77   2              str_val1 = 0;
  78   2          }
  79   1          while(P3_2 == 0);
  80   1          Delay20ms();
  81   1      }
  82          
  83          void main(void)
  84          {
  85   1          unsigned char dat;
  86   1      
  87   1          UART_Init();
  88   1          LCD_Init();
  89   1          Int0_init();
  90   1          Reset_str();
  91   1      
  92   1          while(1)
  93   1          {
  94   2              dat = UART_ReceiveByte();
  95   2              str[str_val1] = dat;
  96   2              ++str_val1;
  97   2              if(str_val1>31) str_val1=0;
  98   2          }
  99   1      }


MODULE INFORMATION:   STATIC OVERLAYABLE
   CODE SIZE        =    223    ----
   CONSTANT SIZE    =   ----    ----
   XDATA SIZE       =   ----    ----
   PDATA SIZE       =   ----    ----
   DATA SIZE        =     33       1
   IDATA SIZE       =   ----    ----
   BIT SIZE         =   ----    ----
END OF MODULE INFORMATION.


C51 COMPILATION COMPLETE.  0 WARNING(S),  0 ERROR(S)
