BL51 BANKED LINKER/LOCATER V6.22                                                        09/16/2026  15:46:48  PAGE 1


BL51 BANKED LINKER/LOCATER V6.22, INVOKED BY:
C:\KEIL_V5\C51\BIN\BL51.EXE .\Objects\STARTUP.obj, .\Objects\Main.obj, .\Objects\LCD1602.obj TO .\Objects\Project PRINT 
>> (.\Listings\Project.m51) RAMSIZE (256)


MEMORY MODEL: SMALL


INPUT MODULES INCLUDED:
  .\Objects\STARTUP.obj (?C_STARTUP)
  .\Objects\Main.obj (MAIN)
  .\Objects\LCD1602.obj (LCD1602)
  C:\KEIL_V5\C51\LIB\C51S.LIB (?C_INIT)
  C:\KEIL_V5\C51\LIB\C51S.LIB (?C?CLDOPTR)
  C:\KEIL_V5\C51\LIB\C51S.LIB (?C?IMUL)
  C:\KEIL_V5\C51\LIB\C51S.LIB (?C?UIDIV)


LINK MAP OF MODULE:  .\Objects\Project (?C_STARTUP)


            TYPE    BASE      LENGTH    RELOCATION   SEGMENT NAME
            -----------------------------------------------------

            * * * * * * *   D A T A   M E M O R Y   * * * * * * *
            REG     0000H     0008H     ABSOLUTE     "REG BANK 0"
            DATA    0008H     0021H     UNIT         ?DT?MAIN
            DATA    0029H     0007H     UNIT         ?DT?_LCD_SHOWSIGNEDNUM?LCD1602
            DATA    0030H     0005H     UNIT         ?DT?_LCD_SHOWNUM?LCD1602
            DATA    0035H     0005H     UNIT         ?DT?_LCD_SHOWHEXNUM?LCD1602
            DATA    003AH     0005H     UNIT         ?DT?_LCD_SHOWBINNUM?LCD1602
            DATA    003FH     0004H     UNIT         ?DT?_LCD_POW?LCD1602
            DATA    0043H     0003H     UNIT         ?DT?_LCD_SHOWSTRING?LCD1602
            DATA    0046H     0001H     UNIT         _DATA_GROUP_
            IDATA   0047H     0001H     UNIT         ?STACK

            * * * * * * *   C O D E   M E M O R Y   * * * * * * *
            CODE    0000H     0003H     ABSOLUTE     
            CODE    0003H     0003H     ABSOLUTE     
            CODE    0006H     0094H     UNIT         ?C?LIB_CODE
            CODE    009AH     008CH     UNIT         ?C_C51STARTUP
            CODE    0126H     007BH     UNIT         ?PR?INT0_ROUTINE?MAIN
            CODE    01A1H     003AH     UNIT         ?PR?_LCD_SHOWSIGNEDNUM?LCD1602
            CODE    01DBH     0039H     UNIT         ?PR?_LCD_SHOWHEXNUM?LCD1602
            CODE    0214H     0038H     UNIT         ?PR?_LCD_SHOWBINNUM?LCD1602
            CODE    024CH     0033H     UNIT         ?PR?_LCD_POW?LCD1602
            CODE    027FH     0024H     UNIT         ?PR?MAIN?MAIN
            CODE    02A3H     0023H     UNIT         ?PR?_LCD_SHOWSTRING?LCD1602
            CODE    02C6H     001EH     UNIT         ?PR?_LCD_WRITEDATA?LCD1602
            CODE    02E4H     001DH     UNIT         ?PR?_LCD_SHOWNUM?LCD1602
            CODE    0301H     0016H     UNIT         ?PR?_LCD_SETCURSOR?LCD1602
            CODE    0317H     0015H     UNIT         ?PR?UART_INIT?MAIN
            CODE    032CH     0014H     UNIT         ?PR?LCD_INIT?LCD1602
            CODE    0340H     000FH     UNIT         ?PR?LCD_DELAY?LCD1602
            CODE    034FH     000BH     UNIT         ?PR?RESET_STR?MAIN
            CODE    035AH     000AH     UNIT         ?PR?_LCD_WRITECOMMAND?LCD1602
            CODE    0364H     000AH     UNIT         ?PR?_LCD_SHOWCHAR?LCD1602
            CODE    036EH     0009H     UNIT         ?PR?DELAY20MS?MAIN
BL51 BANKED LINKER/LOCATER V6.22                                                      09/16/2026  15:46:48  PAGE 2


            CODE    0377H     0008H     UNIT         ?PR?_UART_SENDBYTE?MAIN
            CODE    037FH     0008H     UNIT         ?PR?UART_RECEIVEBYTE?MAIN
            CODE    0387H     0007H     UNIT         ?PR?INT0_INIT?MAIN
            CODE    038EH     0004H     UNIT         ?C_INITSEG



OVERLAY MAP OF MODULE:   .\Objects\Project (?C_STARTUP)


SEGMENT                                  DATA_GROUP 
  +--> CALLED SEGMENT                  START    LENGTH
------------------------------------------------------
?C_C51STARTUP                          -----    -----
  +--> ?PR?MAIN?MAIN
  +--> ?C_INITSEG

?PR?MAIN?MAIN                          -----    -----
  +--> ?PR?UART_INIT?MAIN
  +--> ?PR?LCD_INIT?LCD1602
  +--> ?PR?INT0_INIT?MAIN
  +--> ?PR?RESET_STR?MAIN
  +--> ?PR?UART_RECEIVEBYTE?MAIN

?PR?LCD_INIT?LCD1602                   -----    -----
  +--> ?PR?_LCD_WRITECOMMAND?LCD1602

?PR?_LCD_WRITECOMMAND?LCD1602          -----    -----
  +--> ?PR?LCD_DELAY?LCD1602

*** NEW ROOT ***************************************************

?PR?INT0_ROUTINE?MAIN                  0046H    0001H
  +--> ?PR?DELAY20MS?MAIN
  +--> ?PR?_LCD_SHOWCHAR?LCD1602
  +--> ?PR?RESET_STR?MAIN

?PR?_LCD_SHOWCHAR?LCD1602              -----    -----
  +--> ?PR?_LCD_SETCURSOR?LCD1602
  +--> ?PR?_LCD_WRITEDATA?LCD1602

?PR?_LCD_SETCURSOR?LCD1602             -----    -----
  +--> ?PR?_LCD_WRITECOMMAND?LCD1602

?PR?_LCD_WRITEDATA?LCD1602             -----    -----
  +--> ?PR?LCD_DELAY?LCD1602



SYMBOL TABLE OF MODULE:  .\Objects\Project (?C_STARTUP)

  VALUE           TYPE          NAME
  ----------------------------------

  -------         MODULE        ?C_STARTUP
  C:009AH         SEGMENT       ?C_C51STARTUP
  I:0047H         SEGMENT       ?STACK
BL51 BANKED LINKER/LOCATER V6.22                                                      09/16/2026  15:46:48  PAGE 3


  C:0000H         PUBLIC        ?C_STARTUP
  D:00E0H         SYMBOL        ACC
  D:00F0H         SYMBOL        B
  D:0083H         SYMBOL        DPH
  D:0082H         SYMBOL        DPL
  N:0000H         SYMBOL        IBPSTACK
  N:0100H         SYMBOL        IBPSTACKTOP
  N:0080H         SYMBOL        IDATALEN
  C:009DH         SYMBOL        IDATALOOP
  N:0000H         SYMBOL        PBPSTACK
  N:0100H         SYMBOL        PBPSTACKTOP
  N:0000H         SYMBOL        PDATALEN
  N:0000H         SYMBOL        PDATASTART
  N:0000H         SYMBOL        PPAGE
  N:0000H         SYMBOL        PPAGEENABLE
  D:00A0H         SYMBOL        PPAGE_SFR
  D:0081H         SYMBOL        SP
  C:009AH         SYMBOL        STARTUP1
  N:0000H         SYMBOL        XBPSTACK
  N:0000H         SYMBOL        XBPSTACKTOP
  N:0000H         SYMBOL        XDATALEN
  N:0000H         SYMBOL        XDATASTART
  C:0000H         LINE#         126
  C:009AH         LINE#         133
  C:009CH         LINE#         134
  C:009DH         LINE#         135
  C:009EH         LINE#         136
  C:00A0H         LINE#         185
  C:00A3H         LINE#         196
  -------         ENDMOD        ?C_STARTUP

  -------         MODULE        MAIN
  C:0000H         SYMBOL        _ICE_DUMMY_
  B:00A8H.7       PUBLIC        EA
  B:00B0H.2       PUBLIC        P3_2
  B:0098H.0       PUBLIC        RI
  B:0098H.1       PUBLIC        TI
  C:027FH         PUBLIC        main
  C:0126H         PUBLIC        Int0_Routine
  D:0008H         PUBLIC        str_val1
  D:0099H         PUBLIC        SBUF
  D:0087H         PUBLIC        PCON
  C:0317H         PUBLIC        UART_Init
  D:0098H         PUBLIC        SCON
  D:0089H         PUBLIC        TMOD
  C:036EH         PUBLIC        Delay20ms
  C:0377H         PUBLIC        _UART_SendByte
  C:034FH         PUBLIC        Reset_str
  B:00A8H.0       PUBLIC        EX0
  B:0088H.0       PUBLIC        IT0
  D:008DH         PUBLIC        TH1
  D:008BH         PUBLIC        TL1
  B:0088H.6       PUBLIC        TR1
  D:0009H         PUBLIC        str
  C:0387H         PUBLIC        Int0_init
  C:037FH         PUBLIC        UART_ReceiveByte
  -------         PROC          RESET_STR
BL51 BANKED LINKER/LOCATER V6.22                                                      09/16/2026  15:46:48  PAGE 4


  -------         DO            
  D:0007H         SYMBOL        i
  -------         ENDDO         
  C:034FH         LINE#         7
  C:034FH         LINE#         9
  C:034FH         LINE#         10
  C:0359H         LINE#         11
  C:0359H         LINE#         12
  -------         ENDPROC       RESET_STR
  -------         PROC          DELAY20MS
  -------         DO            
  D:0007H         SYMBOL        i
  D:0006H         SYMBOL        j
  -------         ENDDO         
  C:036EH         LINE#         14
  C:036EH         LINE#         15
  C:036EH         LINE#         18
  C:0370H         LINE#         19
  C:0372H         LINE#         21
  C:0372H         LINE#         22
  C:0374H         LINE#         23
  C:0376H         LINE#         24
  -------         ENDPROC       DELAY20MS
  -------         PROC          UART_INIT
  C:0317H         LINE#         26
  C:0317H         LINE#         27
  C:0317H         LINE#         28
  C:031AH         LINE#         30
  C:031DH         LINE#         31
  C:0320H         LINE#         33
  C:0323H         LINE#         35
  C:0326H         LINE#         36
  C:0329H         LINE#         38
  C:032BH         LINE#         39
  -------         ENDPROC       UART_INIT
  -------         PROC          _UART_SENDBYTE
  D:0007H         SYMBOL        dat
  C:0377H         LINE#         41
  C:0377H         LINE#         42
  C:0377H         LINE#         43
  C:0379H         LINE#         45
  C:037CH         LINE#         47
  C:037EH         LINE#         48
  -------         ENDPROC       _UART_SENDBYTE
  -------         PROC          UART_RECEIVEBYTE
  -------         DO            
  D:0007H         SYMBOL        dat
  -------         ENDDO         
  C:037FH         LINE#         50
  C:037FH         LINE#         51
  C:037FH         LINE#         54
  C:0382H         LINE#         56
  C:0384H         LINE#         57
  C:0386H         LINE#         59
  C:0386H         LINE#         60
  -------         ENDPROC       UART_RECEIVEBYTE
  -------         PROC          INT0_INIT
BL51 BANKED LINKER/LOCATER V6.22                                                      09/16/2026  15:46:48  PAGE 5


  C:0387H         LINE#         62
  C:0387H         LINE#         63
  C:0389H         LINE#         64
  C:038BH         LINE#         65
  C:038DH         LINE#         66
  -------         ENDPROC       INT0_INIT
  -------         PROC          INT0_ROUTINE
  -------         DO            
  D:0046H         SYMBOL        i
  -------         ENDDO         
  C:0126H         LINE#         68
  C:0143H         LINE#         70
  C:0146H         LINE#         71
  C:0149H         LINE#         72
  C:014CH         LINE#         73
  C:0163H         LINE#         74
  C:0171H         LINE#         75
  C:017AH         LINE#         76
  C:017DH         LINE#         77
  C:0180H         LINE#         78
  C:0180H         LINE#         79
  C:0183H         LINE#         80
  C:0186H         LINE#         81
  -------         ENDPROC       INT0_ROUTINE
  -------         PROC          MAIN
  -------         DO            
  D:0007H         SYMBOL        dat
  -------         ENDDO         
  C:027FH         LINE#         83
  C:027FH         LINE#         84
  C:027FH         LINE#         87
  C:0282H         LINE#         88
  C:0285H         LINE#         89
  C:0288H         LINE#         90
  C:028BH         LINE#         92
  C:028BH         LINE#         93
  C:028BH         LINE#         94
  C:028EH         LINE#         95
  C:0295H         LINE#         96
  C:0297H         LINE#         97
  C:02A1H         LINE#         98
  -------         ENDPROC       MAIN
  -------         ENDMOD        MAIN

  -------         MODULE        LCD1602
  C:0000H         SYMBOL        _ICE_DUMMY_
  D:0080H         PUBLIC        P0
  D:00A0H         PUBLIC        P2
  C:035AH         PUBLIC        _LCD_WriteCommand
  C:02E4H         PUBLIC        _LCD_ShowNum
  C:0214H         PUBLIC        _LCD_ShowBinNum
  C:0346H         PUBLIC        LCD_Delay
  C:01DBH         PUBLIC        _LCD_ShowHexNum
  C:02DAH         PUBLIC        _LCD_WriteData
  B:00A0H.7       PUBLIC        LCD_EN
  C:032CH         PUBLIC        LCD_Init
  C:02A3H         PUBLIC        _LCD_ShowString
BL51 BANKED LINKER/LOCATER V6.22                                                      09/16/2026  15:46:48  PAGE 6


  C:0364H         PUBLIC        _LCD_ShowChar
  B:00A0H.6       PUBLIC        LCD_RS
  B:00A0H.5       PUBLIC        LCD_RW
  C:0301H         PUBLIC        _LCD_SetCursor
  C:01A1H         PUBLIC        _LCD_ShowSignedNum
  C:0258H         PUBLIC        _LCD_Pow
  -------         PROC          L?0048
  -------         ENDPROC       L?0048
  -------         PROC          LCD_DELAY
  -------         DO            
  D:0007H         SYMBOL        i
  D:0006H         SYMBOL        j
  -------         ENDDO         
  C:0346H         LINE#         15
  C:0346H         LINE#         16
  C:0346H         LINE#         19
  C:0348H         LINE#         20
  C:034AH         LINE#         22
  C:034AH         LINE#         23
  C:034CH         LINE#         24
  C:034EH         LINE#         25
  -------         ENDPROC       LCD_DELAY
  -------         PROC          _LCD_WRITECOMMAND
  D:0007H         SYMBOL        Command
  C:035AH         LINE#         32
  C:035AH         LINE#         33
  C:035AH         LINE#         34
  C:035CH         LINE#         35
  C:035CH         LINE#         36
  C:035CH         LINE#         37
  C:035CH         LINE#         38
  C:035FH         LINE#         39
  C:0361H         LINE#         40
  -------         ENDPROC       _LCD_WRITECOMMAND
  -------         PROC          L?0047
  -------         ENDPROC       L?0047
  -------         PROC          _LCD_WRITEDATA
  D:0007H         SYMBOL        Data
  C:02DAH         LINE#         48
  C:02DAH         LINE#         49
  C:02DAH         LINE#         50
  C:02DCH         LINE#         51
  C:02DCH         LINE#         52
  C:02DCH         LINE#         53
  C:02DCH         LINE#         54
  C:02DFH         LINE#         55
  C:02E1H         LINE#         56
  -------         ENDPROC       _LCD_WRITEDATA
  -------         PROC          _LCD_SETCURSOR
  D:0006H         SYMBOL        Line
  D:0005H         SYMBOL        Column
  C:0301H         LINE#         65
  C:0303H         LINE#         66
  C:0303H         LINE#         67
  C:0306H         LINE#         68
  C:0306H         LINE#         69
  C:0308H         LINE#         70
BL51 BANKED LINKER/LOCATER V6.22                                                      09/16/2026  15:46:48  PAGE 7


  C:030AH         LINE#         71
  C:030DH         LINE#         72
  C:030DH         LINE#         73
  C:0316H         LINE#         74
  C:0316H         LINE#         75
  -------         ENDPROC       _LCD_SETCURSOR
  -------         PROC          LCD_INIT
  C:032CH         LINE#         82
  C:032CH         LINE#         83
  C:032CH         LINE#         84
  C:0331H         LINE#         85
  C:0336H         LINE#         86
  C:033BH         LINE#         87
  -------         ENDPROC       LCD_INIT
  -------         PROC          _LCD_SHOWCHAR
  D:0006H         SYMBOL        Line
  D:0005H         SYMBOL        Column
  D:0004H         SYMBOL        Char
  C:0364H         LINE#         97
  C:0366H         LINE#         98
  C:0366H         LINE#         99
  C:0369H         LINE#         100
  -------         ENDPROC       _LCD_SHOWCHAR
  -------         PROC          _LCD_SHOWSTRING
  D:0007H         SYMBOL        Line
  D:0005H         SYMBOL        Column
  D:0043H         SYMBOL        String
  -------         DO            
  D:0005H         SYMBOL        i
  -------         ENDDO         
  C:02A3H         LINE#         110
  C:02A9H         LINE#         111
  C:02A9H         LINE#         113
  C:02ACH         LINE#         114
  C:02BFH         LINE#         115
  C:02BFH         LINE#         116
  C:02C2H         LINE#         117
  C:02C5H         LINE#         118
  -------         ENDPROC       _LCD_SHOWSTRING
  C:024EH         SYMBOL        L?0046
  -------         PROC          L?0045
  -------         ENDPROC       L?0045
  C:024EH         SYMBOL        L?0046
  -------         PROC          _LCD_POW
  D:003FH         SYMBOL        X
  D:0041H         SYMBOL        Y
  -------         DO            
  D:0003H         SYMBOL        i
  D:0006H         SYMBOL        Result
  -------         ENDDO         
  C:0258H         LINE#         123
  C:0260H         LINE#         124
  C:0260H         LINE#         126
  C:0264H         LINE#         127
  C:0274H         LINE#         128
  C:0274H         LINE#         129
  C:027BH         LINE#         130
BL51 BANKED LINKER/LOCATER V6.22                                                      09/16/2026  15:46:48  PAGE 8


  C:027EH         LINE#         131
  C:027EH         LINE#         132
  -------         ENDPROC       _LCD_POW
  -------         PROC          _LCD_SHOWNUM
  D:0007H         SYMBOL        Line
  D:0005H         SYMBOL        Column
  D:0032H         SYMBOL        Number
  D:0034H         SYMBOL        Length
  -------         DO            
  D:0002H         SYMBOL        i
  -------         ENDDO         
  C:02E4H         LINE#         142
  C:02E8H         LINE#         143
  C:02E8H         LINE#         145
  C:02EBH         LINE#         146
  C:02F3H         LINE#         147
  C:02F3H         LINE#         148
  C:02FDH         LINE#         149
  C:0300H         LINE#         150
  -------         ENDPROC       _LCD_SHOWNUM
  -------         PROC          _LCD_SHOWSIGNEDNUM
  D:0007H         SYMBOL        Line
  D:0005H         SYMBOL        Column
  D:0002H         SYMBOL        Number
  D:002DH         SYMBOL        Length
  -------         DO            
  D:0002H         SYMBOL        i
  D:002EH         SYMBOL        Number1
  -------         ENDDO         
  C:01A1H         LINE#         160
  C:01A1H         LINE#         161
  C:01A1H         LINE#         164
  C:01A4H         LINE#         165
  C:01ACH         LINE#         166
  C:01ACH         LINE#         167
  C:01B1H         LINE#         168
  C:01B5H         LINE#         169
  C:01B7H         LINE#         171
  C:01B7H         LINE#         172
  C:01BCH         LINE#         173
  C:01C5H         LINE#         174
  C:01C5H         LINE#         175
  C:01CDH         LINE#         176
  C:01CDH         LINE#         177
  C:01D7H         LINE#         178
  C:01DAH         LINE#         179
  -------         ENDPROC       _LCD_SHOWSIGNEDNUM
  -------         PROC          _LCD_SHOWHEXNUM
  D:0007H         SYMBOL        Line
  D:0005H         SYMBOL        Column
  D:0037H         SYMBOL        Number
  D:0039H         SYMBOL        Length
  -------         DO            
  D:0002H         SYMBOL        i
  D:0006H         SYMBOL        SingleNumber
  -------         ENDDO         
  C:01DBH         LINE#         189
BL51 BANKED LINKER/LOCATER V6.22                                                      09/16/2026  15:46:48  PAGE 9


  C:01DFH         LINE#         190
  C:01DFH         LINE#         192
  C:01E2H         LINE#         193
  C:01EAH         LINE#         194
  C:01EAH         LINE#         195
  C:0200H         LINE#         196
  C:0206H         LINE#         197
  C:0206H         LINE#         198
  C:0208H         LINE#         199
  C:020AH         LINE#         201
  C:020AH         LINE#         202
  C:0210H         LINE#         203
  C:0210H         LINE#         204
  C:0213H         LINE#         205
  -------         ENDPROC       _LCD_SHOWHEXNUM
  -------         PROC          _LCD_SHOWBINNUM
  D:0007H         SYMBOL        Line
  D:0005H         SYMBOL        Column
  D:003CH         SYMBOL        Number
  D:003EH         SYMBOL        Length
  -------         DO            
  D:0002H         SYMBOL        i
  -------         ENDDO         
  C:0214H         LINE#         215
  C:0218H         LINE#         216
  C:0218H         LINE#         218
  C:021BH         LINE#         219
  C:0223H         LINE#         220
  C:0223H         LINE#         221
  C:0248H         LINE#         222
  C:024BH         LINE#         223
  -------         ENDPROC       _LCD_SHOWBINNUM
  -------         ENDMOD        LCD1602

  -------         MODULE        ?C?CLDOPTR
  C:0006H         PUBLIC        ?C?CLDOPTR
  -------         ENDMOD        ?C?CLDOPTR

  -------         MODULE        ?C?IMUL
  C:0033H         PUBLIC        ?C?IMUL
  -------         ENDMOD        ?C?IMUL

  -------         MODULE        ?C?UIDIV
  C:0045H         PUBLIC        ?C?UIDIV
  -------         ENDMOD        ?C?UIDIV

*** WARNING L16: UNCALLED SEGMENT, IGNORED FOR OVERLAY PROCESS
    SEGMENT: ?PR?_UART_SENDBYTE?MAIN

*** WARNING L16: UNCALLED SEGMENT, IGNORED FOR OVERLAY PROCESS
    SEGMENT: ?PR?_LCD_SHOWSTRING?LCD1602

*** WARNING L16: UNCALLED SEGMENT, IGNORED FOR OVERLAY PROCESS
    SEGMENT: ?PR?_LCD_SHOWNUM?LCD1602

*** WARNING L16: UNCALLED SEGMENT, IGNORED FOR OVERLAY PROCESS
    SEGMENT: ?PR?_LCD_SHOWSIGNEDNUM?LCD1602
BL51 BANKED LINKER/LOCATER V6.22                                                      09/16/2026  15:46:48  PAGE 10



*** WARNING L16: UNCALLED SEGMENT, IGNORED FOR OVERLAY PROCESS
    SEGMENT: ?PR?_LCD_SHOWHEXNUM?LCD1602

*** WARNING L16: UNCALLED SEGMENT, IGNORED FOR OVERLAY PROCESS
    SEGMENT: ?PR?_LCD_SHOWBINNUM?LCD1602

Program Size: data=72.0 xdata=0 code=914
LINK/LOCATE RUN COMPLETE.  6 WARNING(S),  0 ERROR(S)
