BL51 BANKED LINKER/LOCATER V6.22                                                        09/15/2026  21:50:08  PAGE 1


BL51 BANKED LINKER/LOCATER V6.22, INVOKED BY:
C:\KEIL_V5\C51\BIN\BL51.EXE .\Objects\STARTUP.obj, .\Objects\Main.obj, .\Objects\LCD1602.obj TO .\Objects\Project PRINT 
>> (.\Listings\Project.m51) RAMSIZE (256)


MEMORY MODEL: SMALL


INPUT MODULES INCLUDED:
  .\Objects\STARTUP.obj (?C_STARTUP)
  .\Objects\Main.obj (MAIN)
  .\Objects\LCD1602.obj (LCD1602)
  C:\KEIL_V5\C51\LIB\C51S.LIB (?C?CLDOPTR)
  C:\KEIL_V5\C51\LIB\C51S.LIB (?C?IMUL)
  C:\KEIL_V5\C51\LIB\C51S.LIB (?C?UIDIV)


LINK MAP OF MODULE:  .\Objects\Project (?C_STARTUP)


            TYPE    BASE      LENGTH    RELOCATION   SEGMENT NAME
            -----------------------------------------------------

            * * * * * * *   D A T A   M E M O R Y   * * * * * * *
            REG     0000H     0008H     ABSOLUTE     "REG BANK 0"
            DATA    0008H     0007H     UNIT         ?DT?_LCD_SHOWSIGNEDNUM?LCD1602
            DATA    000FH     0005H     UNIT         ?DT?_LCD_SHOWNUM?LCD1602
            DATA    0014H     0005H     UNIT         ?DT?_LCD_SHOWHEXNUM?LCD1602
            DATA    0019H     0005H     UNIT         ?DT?_LCD_SHOWBINNUM?LCD1602
            DATA    001EH     0004H     UNIT         ?DT?_LCD_POW?LCD1602
            DATA    0022H     0003H     UNIT         ?DT?_LCD_SHOWSTRING?LCD1602
            DATA    0025H     0003H     UNIT         _DATA_GROUP_
            IDATA   0028H     0001H     UNIT         ?STACK

            * * * * * * *   C O D E   M E M O R Y   * * * * * * *
            CODE    0000H     0003H     ABSOLUTE     
            CODE    0003H     0094H     UNIT         ?C?LIB_CODE
            CODE    0097H     003AH     UNIT         ?PR?MAIN?MAIN
            CODE    00D1H     003AH     UNIT         ?PR?_LCD_SHOWSIGNEDNUM?LCD1602
            CODE    010BH     0039H     UNIT         ?PR?_LCD_SHOWHEXNUM?LCD1602
            CODE    0144H     0038H     UNIT         ?PR?_LCD_SHOWBINNUM?LCD1602
            CODE    017CH     0033H     UNIT         ?PR?_LCD_POW?LCD1602
            CODE    01AFH     0023H     UNIT         ?PR?_LCD_SHOWSTRING?LCD1602
            CODE    01D2H     001EH     UNIT         ?PR?_LCD_WRITEDATA?LCD1602
            CODE    01F0H     001DH     UNIT         ?PR?_LCD_SHOWNUM?LCD1602
            CODE    020DH     0016H     UNIT         ?PR?_LCD_SETCURSOR?LCD1602
            CODE    0223H     0015H     UNIT         ?PR?UART_INIT?MAIN
            CODE    0238H     0014H     UNIT         ?PR?LCD_INIT?LCD1602
            CODE    024CH     000FH     UNIT         ?PR?LCD_DELAY?LCD1602
            CODE    025BH     000CH     UNIT         ?C_C51STARTUP
            CODE    0267H     000AH     UNIT         ?PR?_LCD_WRITECOMMAND?LCD1602
            CODE    0271H     000AH     UNIT         ?PR?_LCD_SHOWCHAR?LCD1602
            CODE    027BH     0008H     UNIT         ?PR?_UART_SENDBYTE?MAIN
            CODE    0283H     0008H     UNIT         ?PR?UART_RECEIVEBYTE?MAIN



OVERLAY MAP OF MODULE:   .\Objects\Project (?C_STARTUP)
BL51 BANKED LINKER/LOCATER V6.22                                                      09/15/2026  21:50:08  PAGE 2




SEGMENT                                  DATA_GROUP 
  +--> CALLED SEGMENT                  START    LENGTH
------------------------------------------------------
?C_C51STARTUP                          -----    -----
  +--> ?PR?MAIN?MAIN

?PR?MAIN?MAIN                          0025H    0003H
  +--> ?PR?UART_INIT?MAIN
  +--> ?PR?LCD_INIT?LCD1602
  +--> ?PR?UART_RECEIVEBYTE?MAIN
  +--> ?PR?_LCD_SHOWCHAR?LCD1602
  +--> ?PR?_UART_SENDBYTE?MAIN

?PR?LCD_INIT?LCD1602                   -----    -----
  +--> ?PR?_LCD_WRITECOMMAND?LCD1602

?PR?_LCD_WRITECOMMAND?LCD1602          -----    -----
  +--> ?PR?LCD_DELAY?LCD1602

?PR?_LCD_SHOWCHAR?LCD1602              -----    -----
  +--> ?PR?_LCD_SETCURSOR?LCD1602
  +--> ?PR?_LCD_WRITEDATA?LCD1602

?PR?_LCD_SETCURSOR?LCD1602             -----    -----
  +--> ?PR?_LCD_WRITECOMMAND?LCD1602

?PR?_LCD_WRITEDATA?LCD1602             -----    -----
  +--> ?PR?LCD_DELAY?LCD1602



SYMBOL TABLE OF MODULE:  .\Objects\Project (?C_STARTUP)

  VALUE           TYPE          NAME
  ----------------------------------

  -------         MODULE        ?C_STARTUP
  C:025BH         SEGMENT       ?C_C51STARTUP
  I:0028H         SEGMENT       ?STACK
  C:0000H         PUBLIC        ?C_STARTUP
  D:00E0H         SYMBOL        ACC
  D:00F0H         SYMBOL        B
  D:0083H         SYMBOL        DPH
  D:0082H         SYMBOL        DPL
  N:0000H         SYMBOL        IBPSTACK
  N:0100H         SYMBOL        IBPSTACKTOP
  N:0080H         SYMBOL        IDATALEN
  C:025EH         SYMBOL        IDATALOOP
  N:0000H         SYMBOL        PBPSTACK
  N:0100H         SYMBOL        PBPSTACKTOP
  N:0000H         SYMBOL        PDATALEN
  N:0000H         SYMBOL        PDATASTART
  N:0000H         SYMBOL        PPAGE
  N:0000H         SYMBOL        PPAGEENABLE
  D:00A0H         SYMBOL        PPAGE_SFR
BL51 BANKED LINKER/LOCATER V6.22                                                      09/15/2026  21:50:08  PAGE 3


  D:0081H         SYMBOL        SP
  C:025BH         SYMBOL        STARTUP1
  N:0000H         SYMBOL        XBPSTACK
  N:0000H         SYMBOL        XBPSTACKTOP
  N:0000H         SYMBOL        XDATALEN
  N:0000H         SYMBOL        XDATASTART
  C:0000H         LINE#         126
  C:025BH         LINE#         133
  C:025DH         LINE#         134
  C:025EH         LINE#         135
  C:025FH         LINE#         136
  C:0261H         LINE#         185
  C:0264H         LINE#         196
  -------         ENDMOD        ?C_STARTUP

  -------         MODULE        MAIN
  C:0000H         SYMBOL        _ICE_DUMMY_
  D:0090H         PUBLIC        P1
  D:00B0H         PUBLIC        P3
  D:00A8H         PUBLIC        IE
  D:00B8H         PUBLIC        IP
  B:0098H.0       PUBLIC        RI
  B:0098H.1       PUBLIC        TI
  C:0097H         PUBLIC        main
  D:0099H         PUBLIC        SBUF
  D:0087H         PUBLIC        PCON
  C:0223H         PUBLIC        UART_Init
  D:0098H         PUBLIC        SCON
  D:0089H         PUBLIC        TMOD
  D:0088H         PUBLIC        TCON
  C:027BH         PUBLIC        _UART_SendByte
  D:008DH         PUBLIC        TH1
  D:008BH         PUBLIC        TL1
  B:0088H.6       PUBLIC        TR1
  D:00C8H         PUBLIC        T2CON
  D:00D0H         PUBLIC        PSW
  C:0283H         PUBLIC        UART_ReceiveByte
  -------         PROC          UART_INIT
  C:0223H         LINE#         4
  C:0223H         LINE#         5
  C:0223H         LINE#         6
  C:0226H         LINE#         8
  C:0229H         LINE#         9
  C:022CH         LINE#         11
  C:022FH         LINE#         13
  C:0232H         LINE#         14
  C:0235H         LINE#         16
  C:0237H         LINE#         17
  -------         ENDPROC       UART_INIT
  -------         PROC          _UART_SENDBYTE
  D:0007H         SYMBOL        dat
  C:027BH         LINE#         19
  C:027BH         LINE#         20
  C:027BH         LINE#         21
  C:027DH         LINE#         23
  C:0280H         LINE#         25
  C:0282H         LINE#         26
BL51 BANKED LINKER/LOCATER V6.22                                                      09/15/2026  21:50:08  PAGE 4


  -------         ENDPROC       _UART_SENDBYTE
  -------         PROC          UART_RECEIVEBYTE
  -------         DO            
  D:0007H         SYMBOL        dat
  -------         ENDDO         
  C:0283H         LINE#         28
  C:0283H         LINE#         29
  C:0283H         LINE#         32
  C:0286H         LINE#         34
  C:0288H         LINE#         35
  C:028AH         LINE#         37
  C:028AH         LINE#         38
  -------         ENDPROC       UART_RECEIVEBYTE
  -------         PROC          MAIN
  -------         DO            
  D:0025H         SYMBOL        dat
  D:0026H         SYMBOL        val1
  D:0027H         SYMBOL        val2
  -------         ENDDO         
  C:0097H         LINE#         40
  C:0097H         LINE#         41
  C:0097H         LINE#         43
  C:009AH         LINE#         44
  C:009DH         LINE#         46
  C:00A0H         LINE#         47
  C:00A3H         LINE#         49
  C:00A3H         LINE#         50
  C:00A3H         LINE#         51
  C:00A8H         LINE#         52
  C:00B1H         LINE#         53
  C:00B3H         LINE#         54
  C:00BAH         LINE#         55
  C:00BDH         LINE#         56
  C:00C7H         LINE#         57
  C:00CAH         LINE#         58
  C:00CAH         LINE#         60
  C:00CFH         LINE#         61
  -------         ENDPROC       MAIN
  -------         ENDMOD        MAIN

  -------         MODULE        LCD1602
  C:0000H         SYMBOL        _ICE_DUMMY_
  D:0080H         PUBLIC        P0
  D:00A0H         PUBLIC        P2
  C:0267H         PUBLIC        _LCD_WriteCommand
  C:01F0H         PUBLIC        _LCD_ShowNum
  C:0144H         PUBLIC        _LCD_ShowBinNum
  C:0252H         PUBLIC        LCD_Delay
  C:010BH         PUBLIC        _LCD_ShowHexNum
  C:01E6H         PUBLIC        _LCD_WriteData
  B:00A0H.7       PUBLIC        LCD_EN
  C:0238H         PUBLIC        LCD_Init
  C:01AFH         PUBLIC        _LCD_ShowString
  C:0271H         PUBLIC        _LCD_ShowChar
  B:00A0H.6       PUBLIC        LCD_RS
  B:00A0H.5       PUBLIC        LCD_RW
  C:020DH         PUBLIC        _LCD_SetCursor
BL51 BANKED LINKER/LOCATER V6.22                                                      09/15/2026  21:50:08  PAGE 5


  C:00D1H         PUBLIC        _LCD_ShowSignedNum
  C:0188H         PUBLIC        _LCD_Pow
  -------         PROC          L?0048
  -------         ENDPROC       L?0048
  -------         PROC          LCD_DELAY
  -------         DO            
  D:0007H         SYMBOL        i
  D:0006H         SYMBOL        j
  -------         ENDDO         
  C:0252H         LINE#         15
  C:0252H         LINE#         16
  C:0252H         LINE#         19
  C:0254H         LINE#         20
  C:0256H         LINE#         22
  C:0256H         LINE#         23
  C:0258H         LINE#         24
  C:025AH         LINE#         25
  -------         ENDPROC       LCD_DELAY
  -------         PROC          _LCD_WRITECOMMAND
  D:0007H         SYMBOL        Command
  C:0267H         LINE#         32
  C:0267H         LINE#         33
  C:0267H         LINE#         34
  C:0269H         LINE#         35
  C:0269H         LINE#         36
  C:0269H         LINE#         37
  C:0269H         LINE#         38
  C:026CH         LINE#         39
  C:026EH         LINE#         40
  -------         ENDPROC       _LCD_WRITECOMMAND
  -------         PROC          L?0047
  -------         ENDPROC       L?0047
  -------         PROC          _LCD_WRITEDATA
  D:0007H         SYMBOL        Data
  C:01E6H         LINE#         48
  C:01E6H         LINE#         49
  C:01E6H         LINE#         50
  C:01E8H         LINE#         51
  C:01E8H         LINE#         52
  C:01E8H         LINE#         53
  C:01E8H         LINE#         54
  C:01EBH         LINE#         55
  C:01EDH         LINE#         56
  -------         ENDPROC       _LCD_WRITEDATA
  -------         PROC          _LCD_SETCURSOR
  D:0006H         SYMBOL        Line
  D:0005H         SYMBOL        Column
  C:020DH         LINE#         65
  C:020FH         LINE#         66
  C:020FH         LINE#         67
  C:0212H         LINE#         68
  C:0212H         LINE#         69
  C:0214H         LINE#         70
  C:0216H         LINE#         71
  C:0219H         LINE#         72
  C:0219H         LINE#         73
  C:0222H         LINE#         74
BL51 BANKED LINKER/LOCATER V6.22                                                      09/15/2026  21:50:08  PAGE 6


  C:0222H         LINE#         75
  -------         ENDPROC       _LCD_SETCURSOR
  -------         PROC          LCD_INIT
  C:0238H         LINE#         82
  C:0238H         LINE#         83
  C:0238H         LINE#         84
  C:023DH         LINE#         85
  C:0242H         LINE#         86
  C:0247H         LINE#         87
  -------         ENDPROC       LCD_INIT
  -------         PROC          _LCD_SHOWCHAR
  D:0006H         SYMBOL        Line
  D:0005H         SYMBOL        Column
  D:0004H         SYMBOL        Char
  C:0271H         LINE#         97
  C:0273H         LINE#         98
  C:0273H         LINE#         99
  C:0276H         LINE#         100
  -------         ENDPROC       _LCD_SHOWCHAR
  -------         PROC          _LCD_SHOWSTRING
  D:0007H         SYMBOL        Line
  D:0005H         SYMBOL        Column
  D:0022H         SYMBOL        String
  -------         DO            
  D:0005H         SYMBOL        i
  -------         ENDDO         
  C:01AFH         LINE#         110
  C:01B5H         LINE#         111
  C:01B5H         LINE#         113
  C:01B8H         LINE#         114
  C:01CBH         LINE#         115
  C:01CBH         LINE#         116
  C:01CEH         LINE#         117
  C:01D1H         LINE#         118
  -------         ENDPROC       _LCD_SHOWSTRING
  C:017EH         SYMBOL        L?0046
  -------         PROC          L?0045
  -------         ENDPROC       L?0045
  C:017EH         SYMBOL        L?0046
  -------         PROC          _LCD_POW
  D:001EH         SYMBOL        X
  D:0020H         SYMBOL        Y
  -------         DO            
  D:0003H         SYMBOL        i
  D:0006H         SYMBOL        Result
  -------         ENDDO         
  C:0188H         LINE#         123
  C:0190H         LINE#         124
  C:0190H         LINE#         126
  C:0194H         LINE#         127
  C:01A4H         LINE#         128
  C:01A4H         LINE#         129
  C:01ABH         LINE#         130
  C:01AEH         LINE#         131
  C:01AEH         LINE#         132
  -------         ENDPROC       _LCD_POW
  -------         PROC          _LCD_SHOWNUM
BL51 BANKED LINKER/LOCATER V6.22                                                      09/15/2026  21:50:08  PAGE 7


  D:0007H         SYMBOL        Line
  D:0005H         SYMBOL        Column
  D:0011H         SYMBOL        Number
  D:0013H         SYMBOL        Length
  -------         DO            
  D:0002H         SYMBOL        i
  -------         ENDDO         
  C:01F0H         LINE#         142
  C:01F4H         LINE#         143
  C:01F4H         LINE#         145
  C:01F7H         LINE#         146
  C:01FFH         LINE#         147
  C:01FFH         LINE#         148
  C:0209H         LINE#         149
  C:020CH         LINE#         150
  -------         ENDPROC       _LCD_SHOWNUM
  -------         PROC          _LCD_SHOWSIGNEDNUM
  D:0007H         SYMBOL        Line
  D:0005H         SYMBOL        Column
  D:0002H         SYMBOL        Number
  D:000CH         SYMBOL        Length
  -------         DO            
  D:0002H         SYMBOL        i
  D:000DH         SYMBOL        Number1
  -------         ENDDO         
  C:00D1H         LINE#         160
  C:00D1H         LINE#         161
  C:00D1H         LINE#         164
  C:00D4H         LINE#         165
  C:00DCH         LINE#         166
  C:00DCH         LINE#         167
  C:00E1H         LINE#         168
  C:00E5H         LINE#         169
  C:00E7H         LINE#         171
  C:00E7H         LINE#         172
  C:00ECH         LINE#         173
  C:00F5H         LINE#         174
  C:00F5H         LINE#         175
  C:00FDH         LINE#         176
  C:00FDH         LINE#         177
  C:0107H         LINE#         178
  C:010AH         LINE#         179
  -------         ENDPROC       _LCD_SHOWSIGNEDNUM
  -------         PROC          _LCD_SHOWHEXNUM
  D:0007H         SYMBOL        Line
  D:0005H         SYMBOL        Column
  D:0016H         SYMBOL        Number
  D:0018H         SYMBOL        Length
  -------         DO            
  D:0002H         SYMBOL        i
  D:0006H         SYMBOL        SingleNumber
  -------         ENDDO         
  C:010BH         LINE#         189
  C:010FH         LINE#         190
  C:010FH         LINE#         192
  C:0112H         LINE#         193
  C:011AH         LINE#         194
BL51 BANKED LINKER/LOCATER V6.22                                                      09/15/2026  21:50:08  PAGE 8


  C:011AH         LINE#         195
  C:0130H         LINE#         196
  C:0136H         LINE#         197
  C:0136H         LINE#         198
  C:0138H         LINE#         199
  C:013AH         LINE#         201
  C:013AH         LINE#         202
  C:0140H         LINE#         203
  C:0140H         LINE#         204
  C:0143H         LINE#         205
  -------         ENDPROC       _LCD_SHOWHEXNUM
  -------         PROC          _LCD_SHOWBINNUM
  D:0007H         SYMBOL        Line
  D:0005H         SYMBOL        Column
  D:001BH         SYMBOL        Number
  D:001DH         SYMBOL        Length
  -------         DO            
  D:0002H         SYMBOL        i
  -------         ENDDO         
  C:0144H         LINE#         215
  C:0148H         LINE#         216
  C:0148H         LINE#         218
  C:014BH         LINE#         219
  C:0153H         LINE#         220
  C:0153H         LINE#         221
  C:0178H         LINE#         222
  C:017BH         LINE#         223
  -------         ENDPROC       _LCD_SHOWBINNUM
  -------         ENDMOD        LCD1602

  -------         MODULE        ?C?CLDOPTR
  C:0003H         PUBLIC        ?C?CLDOPTR
  -------         ENDMOD        ?C?CLDOPTR

  -------         MODULE        ?C?IMUL
  C:0030H         PUBLIC        ?C?IMUL
  -------         ENDMOD        ?C?IMUL

  -------         MODULE        ?C?UIDIV
  C:0042H         PUBLIC        ?C?UIDIV
  -------         ENDMOD        ?C?UIDIV

*** WARNING L16: UNCALLED SEGMENT, IGNORED FOR OVERLAY PROCESS
    SEGMENT: ?PR?_LCD_SHOWSTRING?LCD1602

*** WARNING L16: UNCALLED SEGMENT, IGNORED FOR OVERLAY PROCESS
    SEGMENT: ?PR?_LCD_SHOWNUM?LCD1602

*** WARNING L16: UNCALLED SEGMENT, IGNORED FOR OVERLAY PROCESS
    SEGMENT: ?PR?_LCD_SHOWSIGNEDNUM?LCD1602

*** WARNING L16: UNCALLED SEGMENT, IGNORED FOR OVERLAY PROCESS
    SEGMENT: ?PR?_LCD_SHOWHEXNUM?LCD1602

*** WARNING L16: UNCALLED SEGMENT, IGNORED FOR OVERLAY PROCESS
    SEGMENT: ?PR?_LCD_SHOWBINNUM?LCD1602

BL51 BANKED LINKER/LOCATER V6.22                                                      09/15/2026  21:50:08  PAGE 9


Program Size: data=41.0 xdata=0 code=651
LINK/LOCATE RUN COMPLETE.  5 WARNING(S),  0 ERROR(S)
