C51 COMPILER V9.56.0.0   MAIN                                                              09/09/2026 16:04:18 PAGE 1   


C51 COMPILER V9.56.0.0, COMPILATION OF MODULE MAIN
OBJECT MODULE PLACED IN .\Objects\Main.obj
COMPILER INVOKED BY: C:\Keil_v5\C51\BIN\C51.EXE Main.c OPTIMIZE(8,SPEED) BROWSE INCDIR(C:\Keil_v5\C51\INC\Atmel) DEBUG O
                    -BJECTEXTEND PRINT(.\Listings\Main.lst) TABS(2) OBJECT(.\Objects\Main.obj)

line level    source

   1          #include <REGX52.H> 
   2          #include <INTRINS.H>
   3          
   4          void Delay1ms(void) //@11.0592MHz
   5          {
   6   1        unsigned char data i, j;
   7   1      
   8   1        _nop_();
   9   1        i = 2;
  10   1        j = 199;
  11   1        do
  12   1        {
  13   2          while (--j);
  14   2        } while (--i);
  15   1      }
  16          
  17          void SelectPosi_and_Dis(unsigned char posi,unsigned char num){
  18   1        code unsigned char nums[10] = {0x3F,0x06,0x5B,0x4F,0x66,0x6D,0x7D,0x07,0x7F,0x6F};
  19   1      
  20   1        posi = 8-posi;
  21   1        P2_2 = posi & 1;
  22   1        posi >>= 1;
  23   1        P2_3 = posi & 1;
  24   1        posi >>= 1;
  25   1        P2_4 = posi & 1;
  26   1      
  27   1        P0 = nums[num];
  28   1      }
  29          
  30          void main() {
  31   1          unsigned long counter = 0;          // 升级为 32 位长整型，支持 8 位完整数字！
  32   1          unsigned char frame = 0;
  33   1          unsigned char disp_buf[8];          // 显示缓存数组：对应 1~8 位数码管
  34   1          unsigned char i;
  35   1      
  36   1          // 初始先分解一次数字
  37   1          for (i = 0; i < 8; i++) {
  38   2              disp_buf[i] = 0;
  39   2          }
  40   1      
  41   1          while (1) {
  42   2              // 使用一个循环搞定 8 位扫描，清爽利落
  43   2              for (i = 0; i < 8; i++) {
  44   3                  SelectPosi_and_Dis(i + 1, disp_buf[i]);
  45   3                  Delay1ms();
  46   3                  P0 = 0x00;                  // 消影
  47   3              }
  48   2              
  49   2              // 满 1000 帧（约 1 秒）步进一次
  50   2              if (++frame >= 125) {
  51   3                  unsigned long temp;
  52   3                  frame = 0;
  53   3                  counter++;
  54   3      
C51 COMPILER V9.56.0.0   MAIN                                                              09/09/2026 16:04:18 PAGE 2   

  55   3                  // 1 秒只做一次位分解，不再占用每一帧的扫描时间！
  56   3                  temp = counter;
  57   3                  for (i = 8; i > 0; i--) {
  58   4                      disp_buf[i - 1] = temp % 10;
  59   4                      temp /= 10;
  60   4                  }
  61   3              }
  62   2          }
  63   1      }


MODULE INFORMATION:   STATIC OVERLAYABLE
   CODE SIZE        =    207    ----
   CONSTANT SIZE    =     10    ----
   XDATA SIZE       =   ----    ----
   PDATA SIZE       =   ----    ----
   DATA SIZE        =   ----      18
   IDATA SIZE       =   ----    ----
   BIT SIZE         =   ----    ----
END OF MODULE INFORMATION.


C51 COMPILATION COMPLETE.  0 WARNING(S),  0 ERROR(S)
