BL51 BANKED LINKER/LOCATER V6.22                                                        09/09/2026  16:04:18  PAGE 1


BL51 BANKED LINKER/LOCATER V6.22, INVOKED BY:
C:\KEIL_V5\C51\BIN\BL51.EXE .\Objects\STARTUP.obj, .\Objects\Main.obj TO .\Objects\Main PRINT (.\Listings\Main.m51) RAMS
>> IZE (256)


MEMORY MODEL: SMALL


INPUT MODULES INCLUDED:
  .\Objects\STARTUP.obj (?C_STARTUP)
  .\Objects\Main.obj (MAIN)
  C:\KEIL_V5\C51\LIB\C51S.LIB (?C?ULDIV)


LINK MAP OF MODULE:  .\Objects\Main (?C_STARTUP)


            TYPE    BASE      LENGTH    RELOCATION   SEGMENT NAME
            -----------------------------------------------------

            * * * * * * *   D A T A   M E M O R Y   * * * * * * *
            REG     0000H     0008H     ABSOLUTE     "REG BANK 0"
            DATA    0008H     0012H     UNIT         _DATA_GROUP_
            IDATA   001AH     0001H     UNIT         ?STACK

            * * * * * * *   C O D E   M E M O R Y   * * * * * * *
            CODE    0000H     0003H     ABSOLUTE     
            CODE    0003H     00CEH     UNIT         ?C?LIB_CODE
            CODE    00D1H     00A8H     UNIT         ?PR?MAIN?MAIN
            CODE    0179H     001DH     UNIT         ?PR?_SELECTPOSI_AND_DIS?MAIN
            CODE    0196H     000CH     UNIT         ?C_C51STARTUP
            CODE    01A2H     000AH     UNIT         ?PR?DELAY1MS?MAIN
            CODE    01ACH     000AH     UNIT         ?CO?MAIN



OVERLAY MAP OF MODULE:   .\Objects\Main (?C_STARTUP)


SEGMENT                                DATA_GROUP 
  +--> CALLED SEGMENT                START    LENGTH
----------------------------------------------------
?C_C51STARTUP                        -----    -----
  +--> ?PR?MAIN?MAIN

?PR?MAIN?MAIN                        0008H    0012H
  +--> ?PR?_SELECTPOSI_AND_DIS?MAIN
  +--> ?PR?DELAY1MS?MAIN

?PR?_SELECTPOSI_AND_DIS?MAIN         -----    -----
  +--> ?CO?MAIN



SYMBOL TABLE OF MODULE:  .\Objects\Main (?C_STARTUP)

  VALUE           TYPE          NAME
  ----------------------------------
BL51 BANKED LINKER/LOCATER V6.22                                                      09/09/2026  16:04:18  PAGE 2



  -------         MODULE        ?C_STARTUP
  C:0196H         SEGMENT       ?C_C51STARTUP
  I:001AH         SEGMENT       ?STACK
  C:0000H         PUBLIC        ?C_STARTUP
  D:00E0H         SYMBOL        ACC
  D:00F0H         SYMBOL        B
  D:0083H         SYMBOL        DPH
  D:0082H         SYMBOL        DPL
  N:0000H         SYMBOL        IBPSTACK
  N:0100H         SYMBOL        IBPSTACKTOP
  N:0080H         SYMBOL        IDATALEN
  C:0199H         SYMBOL        IDATALOOP
  N:0000H         SYMBOL        PBPSTACK
  N:0100H         SYMBOL        PBPSTACKTOP
  N:0000H         SYMBOL        PDATALEN
  N:0000H         SYMBOL        PDATASTART
  N:0000H         SYMBOL        PPAGE
  N:0000H         SYMBOL        PPAGEENABLE
  D:00A0H         SYMBOL        PPAGE_SFR
  D:0081H         SYMBOL        SP
  C:0196H         SYMBOL        STARTUP1
  N:0000H         SYMBOL        XBPSTACK
  N:0000H         SYMBOL        XBPSTACKTOP
  N:0000H         SYMBOL        XDATALEN
  N:0000H         SYMBOL        XDATASTART
  C:0000H         LINE#         126
  C:0196H         LINE#         133
  C:0198H         LINE#         134
  C:0199H         LINE#         135
  C:019AH         LINE#         136
  C:019CH         LINE#         185
  C:019FH         LINE#         196
  -------         ENDMOD        ?C_STARTUP

  -------         MODULE        MAIN
  C:0000H         SYMBOL        _ICE_DUMMY_
  D:0080H         PUBLIC        P0
  C:01A2H         PUBLIC        Delay1ms
  B:00A0H.2       PUBLIC        P2_2
  B:00A0H.3       PUBLIC        P2_3
  B:00A0H.4       PUBLIC        P2_4
  C:0179H         PUBLIC        _SelectPosi_and_Dis
  C:00D1H         PUBLIC        main
  -------         PROC          DELAY1MS
  -------         DO            
  D:0007H         SYMBOL        i
  D:0006H         SYMBOL        j
  -------         ENDDO         
  C:01A2H         LINE#         4
  C:01A2H         LINE#         5
  C:01A2H         LINE#         8
  C:01A3H         LINE#         9
  C:01A5H         LINE#         10
  C:01A7H         LINE#         12
  C:01A7H         LINE#         13
  C:01A9H         LINE#         14
BL51 BANKED LINKER/LOCATER V6.22                                                      09/09/2026  16:04:18  PAGE 3


  C:01ABH         LINE#         15
  -------         ENDPROC       DELAY1MS
  -------         PROC          _SELECTPOSI_AND_DIS
  D:0007H         SYMBOL        posi
  D:0005H         SYMBOL        num
  -------         DO            
  C:01ACH         SYMBOL        nums
  -------         ENDDO         
  C:0179H         LINE#         17
  C:0179H         LINE#         20
  C:017EH         LINE#         21
  C:0181H         LINE#         22
  C:0185H         LINE#         23
  C:0188H         LINE#         24
  C:018BH         LINE#         25
  C:018EH         LINE#         27
  C:0195H         LINE#         28
  -------         ENDPROC       _SELECTPOSI_AND_DIS
  -------         PROC          MAIN
  -------         DO            
  D:0008H         SYMBOL        counter
  D:000CH         SYMBOL        frame
  D:000DH         SYMBOL        disp_buf
  D:0015H         SYMBOL        i
  -------         DO            
  D:0016H         SYMBOL        temp
  -------         ENDDO         
  -------         ENDDO         
  C:00D1H         LINE#         30
  C:00D1H         LINE#         31
  C:00DAH         LINE#         32
  C:00DCH         LINE#         37
  C:00DEH         LINE#         38
  C:00E5H         LINE#         39
  C:00ECH         LINE#         41
  C:00ECH         LINE#         43
  C:00EFH         LINE#         44
  C:00FDH         LINE#         45
  C:0100H         LINE#         46
  C:0103H         LINE#         47
  C:010CH         LINE#         50
  C:0115H         LINE#         52
  C:0118H         LINE#         53
  C:012DH         LINE#         56
  C:0138H         LINE#         57
  C:0142H         LINE#         58
  C:015CH         LINE#         59
  C:0175H         LINE#         60
  -------         ENDPROC       MAIN
  -------         ENDMOD        MAIN

  -------         MODULE        ?C?ULDIV
  C:003FH         PUBLIC        ?C?ULDIV
  -------         ENDMOD        ?C?ULDIV

Program Size: data=27.0 xdata=0 code=438
LINK/LOCATE RUN COMPLETE.  0 WARNING(S),  0 ERROR(S)
