BL51 BANKED LINKER/LOCATER V6.22                                                        09/10/2026  14:22:27  PAGE 1


BL51 BANKED LINKER/LOCATER V6.22, INVOKED BY:
C:\KEIL_V5\C51\BIN\BL51.EXE .\Objects\STARTUP.obj, .\Objects\Main.obj, .\Objects\LCD1602.obj TO .\Objects\Main PRINT (.\
>> Listings\Main.m51) RAMSIZE (256)


MEMORY MODEL: SMALL


INPUT MODULES INCLUDED:
  .\Objects\STARTUP.obj (?C_STARTUP)
  .\Objects\Main.obj (MAIN)
  .\Objects\LCD1602.obj (LCD1602)
  C:\KEIL_V5\C51\LIB\C51S.LIB (?C?CLDOPTR)
  C:\KEIL_V5\C51\LIB\C51S.LIB (?C?IMUL)
  C:\KEIL_V5\C51\LIB\C51S.LIB (?C?UIDIV)


LINK MAP OF MODULE:  .\Objects\Main (?C_STARTUP)


            TYPE    BASE      LENGTH    RELOCATION   SEGMENT NAME
            -----------------------------------------------------

            * * * * * * *   D A T A   M E M O R Y   * * * * * * *
            REG     0000H     0008H     ABSOLUTE     "REG BANK 0"
            DATA    0008H     000EH     UNIT         _DATA_GROUP_
            DATA    0016H     0007H     UNIT         ?DT?_LCD_SHOWSIGNEDNUM?LCD1602
            DATA    001DH     0005H     UNIT         ?DT?_LCD_SHOWHEXNUM?LCD1602
            DATA    0022H     0005H     UNIT         ?DT?_LCD_SHOWBINNUM?LCD1602
            DATA    0027H     0003H     UNIT         ?DT?_LCD_SHOWSTRING?LCD1602
            IDATA   002AH     0001H     UNIT         ?STACK

            * * * * * * *   C O D E   M E M O R Y   * * * * * * *
            CODE    0000H     0003H     ABSOLUTE     
            CODE    0003H     0284H     UNIT         ?PR?MAIN?MAIN
            CODE    0287H     00C1H     UNIT         ?PR?SCAN?MAIN
            CODE    0348H     0094H     UNIT         ?C?LIB_CODE
            CODE    03DCH     003AH     UNIT         ?PR?_LCD_SHOWSIGNEDNUM?LCD1602
            CODE    0416H     0039H     UNIT         ?PR?_LCD_SHOWHEXNUM?LCD1602
            CODE    044FH     0038H     UNIT         ?PR?_LCD_SHOWBINNUM?LCD1602
            CODE    0487H     0033H     UNIT         ?PR?_LCD_POW?LCD1602
            CODE    04BAH     0023H     UNIT         ?PR?_LCD_SHOWSTRING?LCD1602
            CODE    04DDH     001EH     UNIT         ?PR?_LCD_WRITEDATA?LCD1602
            CODE    04FBH     001DH     UNIT         ?PR?_LCD_SHOWNUM?LCD1602
            CODE    0518H     0016H     UNIT         ?PR?_LCD_SETCURSOR?LCD1602
            CODE    052EH     0014H     UNIT         ?PR?LCD_INIT?LCD1602
            CODE    0542H     0013H     UNIT         ?PR?DELAY300MS?MAIN
            CODE    0555H     000FH     UNIT         ?PR?LINE_SCAN?MAIN
            CODE    0564H     000FH     UNIT         ?PR?LCD_DELAY?LCD1602
            CODE    0573H     000CH     UNIT         ?C_C51STARTUP
            CODE    057FH     000AH     UNIT         ?PR?_LCD_WRITECOMMAND?LCD1602
            CODE    0589H     000AH     UNIT         ?PR?_LCD_SHOWCHAR?LCD1602
            CODE    0593H     0009H     UNIT         ?PR?DELAY20MS?MAIN



OVERLAY MAP OF MODULE:   .\Objects\Main (?C_STARTUP)

BL51 BANKED LINKER/LOCATER V6.22                                                      09/10/2026  14:22:27  PAGE 2



SEGMENT                                  DATA_GROUP 
  +--> CALLED SEGMENT                  START    LENGTH
------------------------------------------------------
?C_C51STARTUP                          -----    -----
  +--> ?PR?MAIN?MAIN

?PR?MAIN?MAIN                          0008H    0005H
  +--> ?PR?DELAY300MS?MAIN
  +--> ?PR?_LCD_SHOWNUM?LCD1602
  +--> ?PR?_LCD_SHOWCHAR?LCD1602
  +--> ?PR?LCD_INIT?LCD1602

?PR?DELAY300MS?MAIN                    -----    -----
  +--> ?PR?SCAN?MAIN

?PR?SCAN?MAIN                          -----    -----
  +--> ?PR?DELAY20MS?MAIN
  +--> ?PR?LINE_SCAN?MAIN

?PR?_LCD_SHOWNUM?LCD1602               000DH    0005H
  +--> ?PR?_LCD_SETCURSOR?LCD1602
  +--> ?PR?_LCD_POW?LCD1602
  +--> ?PR?_LCD_WRITEDATA?LCD1602

?PR?_LCD_SETCURSOR?LCD1602             -----    -----
  +--> ?PR?_LCD_WRITECOMMAND?LCD1602

?PR?_LCD_WRITECOMMAND?LCD1602          -----    -----
  +--> ?PR?LCD_DELAY?LCD1602

?PR?_LCD_POW?LCD1602                   0012H    0004H

?PR?_LCD_WRITEDATA?LCD1602             -----    -----
  +--> ?PR?LCD_DELAY?LCD1602

?PR?_LCD_SHOWCHAR?LCD1602              -----    -----
  +--> ?PR?_LCD_SETCURSOR?LCD1602
  +--> ?PR?_LCD_WRITEDATA?LCD1602

?PR?LCD_INIT?LCD1602                   -----    -----
  +--> ?PR?_LCD_WRITECOMMAND?LCD1602



SYMBOL TABLE OF MODULE:  .\Objects\Main (?C_STARTUP)

  VALUE           TYPE          NAME
  ----------------------------------

  -------         MODULE        ?C_STARTUP
  C:0573H         SEGMENT       ?C_C51STARTUP
  I:002AH         SEGMENT       ?STACK
  C:0000H         PUBLIC        ?C_STARTUP
  D:00E0H         SYMBOL        ACC
  D:00F0H         SYMBOL        B
  D:0083H         SYMBOL        DPH
BL51 BANKED LINKER/LOCATER V6.22                                                      09/10/2026  14:22:27  PAGE 3


  D:0082H         SYMBOL        DPL
  N:0000H         SYMBOL        IBPSTACK
  N:0100H         SYMBOL        IBPSTACKTOP
  N:0080H         SYMBOL        IDATALEN
  C:0576H         SYMBOL        IDATALOOP
  N:0000H         SYMBOL        PBPSTACK
  N:0100H         SYMBOL        PBPSTACKTOP
  N:0000H         SYMBOL        PDATALEN
  N:0000H         SYMBOL        PDATASTART
  N:0000H         SYMBOL        PPAGE
  N:0000H         SYMBOL        PPAGEENABLE
  D:00A0H         SYMBOL        PPAGE_SFR
  D:0081H         SYMBOL        SP
  C:0573H         SYMBOL        STARTUP1
  N:0000H         SYMBOL        XBPSTACK
  N:0000H         SYMBOL        XBPSTACKTOP
  N:0000H         SYMBOL        XDATALEN
  N:0000H         SYMBOL        XDATASTART
  C:0000H         LINE#         126
  C:0573H         LINE#         133
  C:0575H         LINE#         134
  C:0576H         LINE#         135
  C:0577H         LINE#         136
  C:0579H         LINE#         185
  C:057CH         LINE#         196
  -------         ENDMOD        ?C_STARTUP

  -------         MODULE        MAIN
  C:0000H         SYMBOL        _ICE_DUMMY_
  D:0090H         PUBLIC        P1
  C:0287H         PUBLIC        Scan
  B:00B0H.1       PUBLIC        P3_1
  C:0003H         PUBLIC        main
  C:0593H         PUBLIC        Delay20ms
  C:0547H         PUBLIC        Delay300ms
  C:0555H         PUBLIC        Line_Scan
  -------         PROC          DELAY20MS
  -------         DO            
  D:0007H         SYMBOL        i
  D:0006H         SYMBOL        j
  -------         ENDDO         
  C:0593H         LINE#         5
  C:0593H         LINE#         6
  C:0593H         LINE#         9
  C:0595H         LINE#         10
  C:0597H         LINE#         12
  C:0597H         LINE#         13
  C:0599H         LINE#         14
  C:059BH         LINE#         15
  -------         ENDPROC       DELAY20MS
  C:0542H         SYMBOL        L?0101
  -------         PROC          L?0100
  -------         ENDPROC       L?0100
  C:0542H         SYMBOL        L?0101
  -------         PROC          DELAY300MS
  -------         DO            
  D:0007H         SYMBOL        i
BL51 BANKED LINKER/LOCATER V6.22                                                      09/10/2026  14:22:27  PAGE 4


  D:0006H         SYMBOL        j
  D:0005H         SYMBOL        k
  -------         ENDDO         
  C:0547H         LINE#         17
  C:0547H         LINE#         18
  C:0547H         LINE#         21
  C:0548H         LINE#         22
  C:054AH         LINE#         23
  C:054CH         LINE#         24
  C:054EH         LINE#         26
  C:054EH         LINE#         28
  C:054EH         LINE#         29
  C:0550H         LINE#         30
  C:0552H         LINE#         31
  C:0554H         LINE#         32
  -------         ENDPROC       DELAY300MS
  -------         PROC          LINE_SCAN
  C:0555H         LINE#         34
  C:0555H         LINE#         35
  C:0558H         LINE#         36
  C:055EH         LINE#         37
  C:0561H         LINE#         38
  C:0561H         LINE#         39
  C:0563H         LINE#         40
  -------         ENDPROC       LINE_SCAN
  -------         PROC          SCAN
  C:0287H         LINE#         42
  C:0287H         LINE#         43
  C:0287H         LINE#         44
  C:028AH         LINE#         45
  C:0290H         LINE#         46
  C:0293H         LINE#         47
  C:0293H         LINE#         48
  C:029CH         LINE#         49
  C:02B1H         LINE#         50
  C:02B1H         LINE#         51
  C:02C5H         LINE#         52
  C:02C5H         LINE#         53
  C:02C8H         LINE#         54
  C:02C8H         LINE#         55
  C:02CBH         LINE#         56
  C:02CBH         LINE#         57
  C:02CEH         LINE#         58
  C:02CEH         LINE#         59
  C:02D1H         LINE#         60
  C:02D1H         LINE#         61
  C:02D1H         LINE#         62
  C:02D1H         LINE#         63
  C:02E5H         LINE#         64
  C:02E5H         LINE#         65
  C:02E8H         LINE#         66
  C:02E8H         LINE#         67
  C:02EBH         LINE#         68
  C:02EBH         LINE#         69
  C:02EEH         LINE#         70
  C:02EEH         LINE#         71
  C:02F1H         LINE#         72
BL51 BANKED LINKER/LOCATER V6.22                                                      09/10/2026  14:22:27  PAGE 5


  C:02F1H         LINE#         73
  C:02F1H         LINE#         75
  C:02F1H         LINE#         76
  C:0305H         LINE#         77
  C:0305H         LINE#         78
  C:0308H         LINE#         79
  C:0308H         LINE#         80
  C:030BH         LINE#         81
  C:030BH         LINE#         82
  C:030EH         LINE#         83
  C:030EH         LINE#         84
  C:0311H         LINE#         85
  C:0311H         LINE#         86
  C:0311H         LINE#         88
  C:0311H         LINE#         89
  C:0325H         LINE#         90
  C:0325H         LINE#         91
  C:0328H         LINE#         92
  C:0328H         LINE#         93
  C:032BH         LINE#         94
  C:032BH         LINE#         95
  C:032EH         LINE#         96
  C:032EH         LINE#         97
  C:0331H         LINE#         98
  C:0331H         LINE#         99
  C:0331H         LINE#         100
  C:0331H         LINE#         101
  C:0331H         LINE#         102
  C:0334H         LINE#         103
  C:0339H         LINE#         104
  C:0342H         LINE#         105
  C:0345H         LINE#         106
  C:0345H         LINE#         107
  -------         ENDPROC       SCAN
  -------         PROC          MAIN
  -------         DO            
  D:0008H         SYMBOL        i
  D:0009H         SYMBOL        sum1
  D:000BH         SYMBOL        sum2
  -------         ENDDO         
  C:0003H         LINE#         110
  C:0003H         LINE#         111
  C:0006H         LINE#         113
  C:0006H         LINE#         115
  C:000BH         LINE#         116
  C:000FH         LINE#         118
  C:000FH         LINE#         119
  C:000FH         LINE#         120
  C:0012H         LINE#         122
  C:0019H         LINE#         123
  C:002DH         LINE#         124
  C:002DH         LINE#         125
  C:0032H         LINE#         126
  C:0041H         LINE#         127
  C:0041H         LINE#         128
  C:004DH         LINE#         129
  C:004DH         LINE#         130
BL51 BANKED LINKER/LOCATER V6.22                                                      09/10/2026  14:22:27  PAGE 6


  C:004DH         LINE#         131
  C:005BH         LINE#         132
  C:005DH         LINE#         134
  C:0076H         LINE#         135
  C:0076H         LINE#         136
  C:007FH         LINE#         137
  C:007FH         LINE#         138
  C:007FH         LINE#         139
  C:0082H         LINE#         141
  C:0089H         LINE#         142
  C:009DH         LINE#         143
  C:009DH         LINE#         144
  C:00A2H         LINE#         145
  C:00B1H         LINE#         146
  C:00B1H         LINE#         147
  C:00B7H         LINE#         148
  C:00B7H         LINE#         149
  C:00B7H         LINE#         150
  C:00C3H         LINE#         151
  C:00C3H         LINE#         152
  C:00C3H         LINE#         153
  C:00D1H         LINE#         154
  C:00D3H         LINE#         155
  C:00DCH         LINE#         156
  C:00F0H         LINE#         157
  C:00F3H         LINE#         158
  C:00F3H         LINE#         159
  C:00F6H         LINE#         161
  C:00F6H         LINE#         162
  C:00FFH         LINE#         163
  C:00FFH         LINE#         164
  C:00FFH         LINE#         165
  C:0102H         LINE#         167
  C:0109H         LINE#         168
  C:011DH         LINE#         169
  C:011DH         LINE#         170
  C:0122H         LINE#         171
  C:0131H         LINE#         172
  C:0131H         LINE#         173
  C:0137H         LINE#         174
  C:0137H         LINE#         175
  C:0137H         LINE#         176
  C:0143H         LINE#         177
  C:0143H         LINE#         178
  C:0143H         LINE#         179
  C:0151H         LINE#         180
  C:0153H         LINE#         181
  C:015CH         LINE#         182
  C:0171H         LINE#         183
  C:0174H         LINE#         184
  C:0174H         LINE#         185
  C:0177H         LINE#         187
  C:0177H         LINE#         188
  C:0180H         LINE#         189
  C:0180H         LINE#         190
  C:0180H         LINE#         191
  C:0183H         LINE#         193
BL51 BANKED LINKER/LOCATER V6.22                                                      09/10/2026  14:22:27  PAGE 7


  C:018AH         LINE#         194
  C:019EH         LINE#         195
  C:019EH         LINE#         196
  C:01A3H         LINE#         197
  C:01B2H         LINE#         198
  C:01B2H         LINE#         199
  C:01B8H         LINE#         200
  C:01B8H         LINE#         201
  C:01B8H         LINE#         202
  C:01C4H         LINE#         203
  C:01C4H         LINE#         204
  C:01C4H         LINE#         205
  C:01D2H         LINE#         206
  C:01D4H         LINE#         207
  C:01DDH         LINE#         208
  C:01F6H         LINE#         209
  C:01F9H         LINE#         210
  C:01FCH         LINE#         211
  C:01FFH         LINE#         213
  C:01FFH         LINE#         214
  C:0208H         LINE#         215
  C:0208H         LINE#         216
  C:0208H         LINE#         217
  C:020BH         LINE#         219
  C:0212H         LINE#         220
  C:0226H         LINE#         221
  C:0226H         LINE#         222
  C:022BH         LINE#         223
  C:023AH         LINE#         224
  C:023AH         LINE#         225
  C:0240H         LINE#         226
  C:0240H         LINE#         227
  C:0240H         LINE#         228
  C:024CH         LINE#         229
  C:024CH         LINE#         230
  C:024CH         LINE#         231
  C:025AH         LINE#         232
  C:025CH         LINE#         233
  C:0265H         LINE#         234
  C:027EH         LINE#         235
  C:0281H         LINE#         236
  C:0284H         LINE#         237
  -------         ENDPROC       MAIN
  -------         ENDMOD        MAIN

  -------         MODULE        LCD1602
  C:0000H         SYMBOL        _ICE_DUMMY_
  D:0080H         PUBLIC        P0
  D:00A0H         PUBLIC        P2
  C:057FH         PUBLIC        _LCD_WriteCommand
  C:04FBH         PUBLIC        _LCD_ShowNum
  C:044FH         PUBLIC        _LCD_ShowBinNum
  C:056AH         PUBLIC        LCD_Delay
  C:0416H         PUBLIC        _LCD_ShowHexNum
  C:04F1H         PUBLIC        _LCD_WriteData
  B:00A0H.7       PUBLIC        LCD_EN
  C:052EH         PUBLIC        LCD_Init
BL51 BANKED LINKER/LOCATER V6.22                                                      09/10/2026  14:22:27  PAGE 8


  C:04BAH         PUBLIC        _LCD_ShowString
  C:0589H         PUBLIC        _LCD_ShowChar
  B:00A0H.6       PUBLIC        LCD_RS
  B:00A0H.5       PUBLIC        LCD_RW
  C:0518H         PUBLIC        _LCD_SetCursor
  C:03DCH         PUBLIC        _LCD_ShowSignedNum
  C:0493H         PUBLIC        _LCD_Pow
  -------         PROC          L?0048
  -------         ENDPROC       L?0048
  -------         PROC          LCD_DELAY
  -------         DO            
  D:0007H         SYMBOL        i
  D:0006H         SYMBOL        j
  -------         ENDDO         
  C:056AH         LINE#         15
  C:056AH         LINE#         16
  C:056AH         LINE#         19
  C:056CH         LINE#         20
  C:056EH         LINE#         22
  C:056EH         LINE#         23
  C:0570H         LINE#         24
  C:0572H         LINE#         25
  -------         ENDPROC       LCD_DELAY
  -------         PROC          _LCD_WRITECOMMAND
  D:0007H         SYMBOL        Command
  C:057FH         LINE#         32
  C:057FH         LINE#         33
  C:057FH         LINE#         34
  C:0581H         LINE#         35
  C:0581H         LINE#         36
  C:0581H         LINE#         37
  C:0581H         LINE#         38
  C:0584H         LINE#         39
  C:0586H         LINE#         40
  -------         ENDPROC       _LCD_WRITECOMMAND
  -------         PROC          L?0047
  -------         ENDPROC       L?0047
  -------         PROC          _LCD_WRITEDATA
  D:0007H         SYMBOL        Data
  C:04F1H         LINE#         48
  C:04F1H         LINE#         49
  C:04F1H         LINE#         50
  C:04F3H         LINE#         51
  C:04F3H         LINE#         52
  C:04F3H         LINE#         53
  C:04F3H         LINE#         54
  C:04F6H         LINE#         55
  C:04F8H         LINE#         56
  -------         ENDPROC       _LCD_WRITEDATA
  -------         PROC          _LCD_SETCURSOR
  D:0006H         SYMBOL        Line
  D:0005H         SYMBOL        Column
  C:0518H         LINE#         65
  C:051AH         LINE#         66
  C:051AH         LINE#         67
  C:051DH         LINE#         68
  C:051DH         LINE#         69
BL51 BANKED LINKER/LOCATER V6.22                                                      09/10/2026  14:22:27  PAGE 9


  C:051FH         LINE#         70
  C:0521H         LINE#         71
  C:0524H         LINE#         72
  C:0524H         LINE#         73
  C:052DH         LINE#         74
  C:052DH         LINE#         75
  -------         ENDPROC       _LCD_SETCURSOR
  -------         PROC          LCD_INIT
  C:052EH         LINE#         82
  C:052EH         LINE#         83
  C:052EH         LINE#         84
  C:0533H         LINE#         85
  C:0538H         LINE#         86
  C:053DH         LINE#         87
  -------         ENDPROC       LCD_INIT
  -------         PROC          _LCD_SHOWCHAR
  D:0006H         SYMBOL        Line
  D:0005H         SYMBOL        Column
  D:0004H         SYMBOL        Char
  C:0589H         LINE#         97
  C:058BH         LINE#         98
  C:058BH         LINE#         99
  C:058EH         LINE#         100
  -------         ENDPROC       _LCD_SHOWCHAR
  -------         PROC          _LCD_SHOWSTRING
  D:0007H         SYMBOL        Line
  D:0005H         SYMBOL        Column
  D:0027H         SYMBOL        String
  -------         DO            
  D:0005H         SYMBOL        i
  -------         ENDDO         
  C:04BAH         LINE#         110
  C:04C0H         LINE#         111
  C:04C0H         LINE#         113
  C:04C3H         LINE#         114
  C:04D6H         LINE#         115
  C:04D6H         LINE#         116
  C:04D9H         LINE#         117
  C:04DCH         LINE#         118
  -------         ENDPROC       _LCD_SHOWSTRING
  C:0489H         SYMBOL        L?0046
  -------         PROC          L?0045
  -------         ENDPROC       L?0045
  C:0489H         SYMBOL        L?0046
  -------         PROC          _LCD_POW
  D:0012H         SYMBOL        X
  D:0014H         SYMBOL        Y
  -------         DO            
  D:0003H         SYMBOL        i
  D:0006H         SYMBOL        Result
  -------         ENDDO         
  C:0493H         LINE#         123
  C:049BH         LINE#         124
  C:049BH         LINE#         126
  C:049FH         LINE#         127
  C:04AFH         LINE#         128
  C:04AFH         LINE#         129
BL51 BANKED LINKER/LOCATER V6.22                                                      09/10/2026  14:22:27  PAGE 10


  C:04B6H         LINE#         130
  C:04B9H         LINE#         131
  C:04B9H         LINE#         132
  -------         ENDPROC       _LCD_POW
  -------         PROC          _LCD_SHOWNUM
  D:0007H         SYMBOL        Line
  D:0005H         SYMBOL        Column
  D:000FH         SYMBOL        Number
  D:0011H         SYMBOL        Length
  -------         DO            
  D:0002H         SYMBOL        i
  -------         ENDDO         
  C:04FBH         LINE#         142
  C:04FFH         LINE#         143
  C:04FFH         LINE#         145
  C:0502H         LINE#         146
  C:050AH         LINE#         147
  C:050AH         LINE#         148
  C:0514H         LINE#         149
  C:0517H         LINE#         150
  -------         ENDPROC       _LCD_SHOWNUM
  -------         PROC          _LCD_SHOWSIGNEDNUM
  D:0007H         SYMBOL        Line
  D:0005H         SYMBOL        Column
  D:0002H         SYMBOL        Number
  D:001AH         SYMBOL        Length
  -------         DO            
  D:0002H         SYMBOL        i
  D:001BH         SYMBOL        Number1
  -------         ENDDO         
  C:03DCH         LINE#         160
  C:03DCH         LINE#         161
  C:03DCH         LINE#         164
  C:03DFH         LINE#         165
  C:03E7H         LINE#         166
  C:03E7H         LINE#         167
  C:03ECH         LINE#         168
  C:03F0H         LINE#         169
  C:03F2H         LINE#         171
  C:03F2H         LINE#         172
  C:03F7H         LINE#         173
  C:0400H         LINE#         174
  C:0400H         LINE#         175
  C:0408H         LINE#         176
  C:0408H         LINE#         177
  C:0412H         LINE#         178
  C:0415H         LINE#         179
  -------         ENDPROC       _LCD_SHOWSIGNEDNUM
  -------         PROC          _LCD_SHOWHEXNUM
  D:0007H         SYMBOL        Line
  D:0005H         SYMBOL        Column
  D:001FH         SYMBOL        Number
  D:0021H         SYMBOL        Length
  -------         DO            
  D:0002H         SYMBOL        i
  D:0006H         SYMBOL        SingleNumber
  -------         ENDDO         
BL51 BANKED LINKER/LOCATER V6.22                                                      09/10/2026  14:22:27  PAGE 11


  C:0416H         LINE#         189
  C:041AH         LINE#         190
  C:041AH         LINE#         192
  C:041DH         LINE#         193
  C:0425H         LINE#         194
  C:0425H         LINE#         195
  C:043BH         LINE#         196
  C:0441H         LINE#         197
  C:0441H         LINE#         198
  C:0443H         LINE#         199
  C:0445H         LINE#         201
  C:0445H         LINE#         202
  C:044BH         LINE#         203
  C:044BH         LINE#         204
  C:044EH         LINE#         205
  -------         ENDPROC       _LCD_SHOWHEXNUM
  -------         PROC          _LCD_SHOWBINNUM
  D:0007H         SYMBOL        Line
  D:0005H         SYMBOL        Column
  D:0024H         SYMBOL        Number
  D:0026H         SYMBOL        Length
  -------         DO            
  D:0002H         SYMBOL        i
  -------         ENDDO         
  C:044FH         LINE#         215
  C:0453H         LINE#         216
  C:0453H         LINE#         218
  C:0456H         LINE#         219
  C:045EH         LINE#         220
  C:045EH         LINE#         221
  C:0483H         LINE#         222
  C:0486H         LINE#         223
  -------         ENDPROC       _LCD_SHOWBINNUM
  -------         ENDMOD        LCD1602

  -------         MODULE        ?C?CLDOPTR
  C:0348H         PUBLIC        ?C?CLDOPTR
  -------         ENDMOD        ?C?CLDOPTR

  -------         MODULE        ?C?IMUL
  C:0375H         PUBLIC        ?C?IMUL
  -------         ENDMOD        ?C?IMUL

  -------         MODULE        ?C?UIDIV
  C:0387H         PUBLIC        ?C?UIDIV
  -------         ENDMOD        ?C?UIDIV

*** WARNING L16: UNCALLED SEGMENT, IGNORED FOR OVERLAY PROCESS
    SEGMENT: ?PR?_LCD_SHOWSTRING?LCD1602

*** WARNING L16: UNCALLED SEGMENT, IGNORED FOR OVERLAY PROCESS
    SEGMENT: ?PR?_LCD_SHOWSIGNEDNUM?LCD1602

*** WARNING L16: UNCALLED SEGMENT, IGNORED FOR OVERLAY PROCESS
    SEGMENT: ?PR?_LCD_SHOWHEXNUM?LCD1602

*** WARNING L16: UNCALLED SEGMENT, IGNORED FOR OVERLAY PROCESS
BL51 BANKED LINKER/LOCATER V6.22                                                      09/10/2026  14:22:27  PAGE 12


    SEGMENT: ?PR?_LCD_SHOWBINNUM?LCD1602

Program Size: data=43.0 xdata=0 code=1436
LINK/LOCATE RUN COMPLETE.  4 WARNING(S),  0 ERROR(S)
