C51 COMPILER V9.56.0.0   MAIN                                                              09/10/2026 14:22:27 PAGE 1   


C51 COMPILER V9.56.0.0, COMPILATION OF MODULE MAIN
OBJECT MODULE PLACED IN .\Objects\Main.obj
COMPILER INVOKED BY: C:\Keil_v5\C51\BIN\C51.EXE Main.c OPTIMIZE(8,SPEED) BROWSE INCDIR(C:\Keil_v5\C51\INC\Atmel) DEBUG O
                    -BJECTEXTEND PRINT(.\Listings\Main.lst) TABS(2) OBJECT(.\Objects\Main.obj)

line level    source

   1          #include <REGX52.H>
   2          #include <INTRINS.H>
   3          #include "LCD1602.h"
   4          
   5          void Delay20ms(void)  //@11.0592MHz
   6          {
   7   1        unsigned char data i, j;
   8   1      
   9   1        i = 36;
  10   1        j = 217;
  11   1        do
  12   1        {
  13   2          while (--j);
  14   2        } while (--i);
  15   1      }
  16          
  17          void Delay300ms(void) //@11.0592MHz
  18          {
  19   1        unsigned char data i, j, k;
  20   1      
  21   1        _nop_();
  22   1        i = 3;
  23   1        j = 26;
  24   1        k = 223;
  25   1        do
  26   1        {
  27   2          do
  28   2          {
  29   3            while (--k);
  30   3          } while (--j);
  31   2        } while (--i);
  32   1      }
  33          
  34          unsigned char Line_Scan(void){
  35   1          P1 = 0xF0;
  36   1          if(P1 != 0xF0){
  37   2              return P1;
  38   2          }
  39   1          return 0xF0;
  40   1      }
  41          
  42          unsigned char Scan(void){
  43   1          while(1){
  44   2              P1 = 0x0F;
  45   2              if(P1 != 0x0F){
  46   3                  Delay20ms();
  47   3              }
  48   2              if(P1 != 0x0F){
  49   3                  switch(P1){
  50   4                      case 0x0E:
  51   4                          switch(Line_Scan()){
  52   5                              case 0x70:
  53   5                                  return 10;  // +
  54   5                              case 0xB0:
C51 COMPILER V9.56.0.0   MAIN                                                              09/10/2026 14:22:27 PAGE 2   

  55   5                                  return 11;  // -
  56   5                              case 0xD0:
  57   5                                  return 12;  // *
  58   5                              case 0xE0:
  59   5                                  return 13;  // /
  60   5                          }
  61   4                          break;
  62   4                      case 0x0D:
  63   4                          switch(Line_Scan()){
  64   5                              case 0x70:
  65   5                                  return 3;
  66   5                              case 0xB0:
  67   5                                  return 6;
  68   5                              case 0xD0:
  69   5                                  return 9;
  70   5                              case 0xE0:
  71   5                                  return 14; // Enter
  72   5                          }
  73   4                          break;
  74   4      
  75   4                      case 0x0B:
  76   4                          switch(Line_Scan()){
  77   5                              case 0x70:
  78   5                                  return 2;
  79   5                              case 0xB0:
  80   5                                  return 5;
  81   5                              case 0xD0:
  82   5                                  return 8;
  83   5                              case 0xE0:
  84   5                                  return 0;
  85   5                          }
  86   4                          break;
  87   4      
  88   4                      case 0x07:
  89   4                          switch(Line_Scan()){
  90   5                              case 0x70:
  91   5                                  return 1;
  92   5                              case 0xB0:
  93   5                                  return 4;
  94   5                              case 0xD0:
  95   5                                  return 7;
  96   5                              case 0xE0:
  97   5                                  return 15;  //Del
  98   5                          }
  99   4                          break;
 100   4                  }
 101   3              }
 102   2              P1 = 0x0F;
 103   2              while(P1 != 0x0F);
 104   2              if(P1 == 0x0F){
 105   3                  Delay20ms();
 106   3              }
 107   2          }
 108   1      }
 109          
 110          void main(){
 111   1          LCD_Init();
 112   1      
 113   1          while(1){
 114   2              unsigned char i;
 115   2              unsigned int sum1 = 0;
 116   2              unsigned int sum2 = 0;
C51 COMPILER V9.56.0.0   MAIN                                                              09/10/2026 14:22:27 PAGE 3   

 117   2      
 118   2              while(1){
 119   3                  i = Scan();
 120   3                  Delay300ms();
 121   3      
 122   3                  if(i <= 9){
 123   4                      sum1 = sum1 * 10 + i;
 124   4                  }
 125   3                  if(i == 15){
 126   4                      sum1 /= 10;
 127   4                  }
 128   3                  if(i >= 10 && i != 15){
 129   4                      break;
 130   4                  }
 131   3                  LCD_ShowNum(1,1,sum1,5);
 132   3              }
 133   2      
 134   2              switch (i){
 135   3                  case 10:
 136   3                      LCD_ShowChar(1,6,'+');
 137   3                      while(1){
 138   4                          i = Scan();
 139   4                          Delay300ms();
 140   4      
 141   4                          if(i <= 9){
 142   5                              sum2 = sum2 * 10 + i;
 143   5                          }
 144   4                          if(i == 15){
 145   5                              sum2 /= 10;
 146   5                          }
 147   4                          if(i == 14){
 148   5                              break;
 149   5                          }
 150   4                          if(i > 9 && i != 15){
 151   5                              continue;
 152   5                          }
 153   4                          LCD_ShowNum(1,7,sum2,5);
 154   4                      }
 155   3                      LCD_ShowChar(2,11,'=');
 156   3                      LCD_ShowNum(2,12,sum1+sum2,5);
 157   3                      while(P3_1 != 0);
 158   3                      LCD_Init();
 159   3                      break;
 160   3      
 161   3                  case 11:
 162   3                      LCD_ShowChar(1,6,'-');
 163   3                      while(1){
 164   4                          i = Scan();
 165   4                          Delay300ms();
 166   4      
 167   4                          if(i <= 9){
 168   5                              sum2 = sum2 * 10 + i;
 169   5                          }
 170   4                          if(i == 15){
 171   5                              sum2 /= 10;
 172   5                          }
 173   4                          if(i == 14){
 174   5                              break;
 175   5                          }
 176   4                          if(i > 9 && i != 15){
 177   5                              continue;
 178   5                          }
C51 COMPILER V9.56.0.0   MAIN                                                              09/10/2026 14:22:27 PAGE 4   

 179   4                          LCD_ShowNum(1,7,sum2,5);
 180   4                      }
 181   3                      LCD_ShowChar(2,11,'=');
 182   3                      LCD_ShowNum(2,12,sum1-sum2,5);
 183   3                      while(P3_1 != 0);
 184   3                      LCD_Init();
 185   3                      break;
 186   3      
 187   3                  case 12:
 188   3                      LCD_ShowChar(1,6,'x');
 189   3                      while(1){
 190   4                          i = Scan();
 191   4                          Delay300ms();
 192   4      
 193   4                          if(i <= 9){
 194   5                              sum2 = sum2 * 10 + i;
 195   5                          }
 196   4                          if(i == 15){
 197   5                              sum2 /= 10;
 198   5                          }
 199   4                          if(i == 14){
 200   5                              break;
 201   5                          }
 202   4                          if(i > 9 && i != 15){
 203   5                              continue;
 204   5                          }
 205   4                          LCD_ShowNum(1,7,sum2,5);
 206   4                      }
 207   3                      LCD_ShowChar(2,11,'=');
 208   3                      LCD_ShowNum(2,12,sum1*sum2,5);
 209   3                      while(P3_1 != 0);
 210   3                      LCD_Init();
 211   3                      break;
 212   3      
 213   3                  case 13:
 214   3                      LCD_ShowChar(1,6,'/');
 215   3                      while(1){
 216   4                          i = Scan();
 217   4                          Delay300ms();
 218   4      
 219   4                          if(i <= 9){
 220   5                              sum2 = sum2 * 10 + i;
 221   5                          }
 222   4                          if(i == 15){
 223   5                              sum2 /= 10;
 224   5                          }
 225   4                          if(i == 14){
 226   5                              break;
 227   5                          }
 228   4                          if(i > 9 && i != 15){
 229   5                              continue;
 230   5                          }
 231   4                          LCD_ShowNum(1,7,sum2,5);
 232   4                      }
 233   3                      LCD_ShowChar(2,11,'=');
 234   3                      LCD_ShowNum(2,12,sum1/sum2,5);
 235   3                      while(P3_1 != 0);
 236   3                      LCD_Init();
 237   3                      break;
 238   3                  
 239   3                  default:
 240   3                      break;
C51 COMPILER V9.56.0.0   MAIN                                                              09/10/2026 14:22:27 PAGE 5   

 241   3              }
 242   2      
 243   2          }
 244   1      }


MODULE INFORMATION:   STATIC OVERLAYABLE
   CODE SIZE        =    880    ----
   CONSTANT SIZE    =   ----    ----
   XDATA SIZE       =   ----    ----
   PDATA SIZE       =   ----    ----
   DATA SIZE        =   ----       5
   IDATA SIZE       =   ----    ----
   BIT SIZE         =   ----    ----
END OF MODULE INFORMATION.


C51 COMPILATION COMPLETE.  0 WARNING(S),  0 ERROR(S)
