BL51 BANKED LINKER/LOCATER V6.22                                                        09/09/2026  19:39:01  PAGE 1


BL51 BANKED LINKER/LOCATER V6.22, INVOKED BY:
C:\KEIL_V5\C51\BIN\BL51.EXE .\Objects\STARTUP.obj, .\Objects\Main.obj, .\Objects\LCD1602.obj TO .\Objects\Main PRINT (.\
>> Listings\Main.m51) RAMSIZE (256)


MEMORY MODEL: SMALL


INPUT MODULES INCLUDED:
  .\Objects\STARTUP.obj (?C_STARTUP)
  .\Objects\Main.obj (MAIN)
  .\Objects\LCD1602.obj (LCD1602)
  C:\KEIL_V5\C51\LIB\C51S.LIB (?C?CLDOPTR)
  C:\KEIL_V5\C51\LIB\C51S.LIB (?C?IMUL)
  C:\KEIL_V5\C51\LIB\C51S.LIB (?C?UIDIV)


LINK MAP OF MODULE:  .\Objects\Main (?C_STARTUP)


            TYPE    BASE      LENGTH    RELOCATION   SEGMENT NAME
            -----------------------------------------------------

            * * * * * * *   D A T A   M E M O R Y   * * * * * * *
            REG     0000H     0008H     ABSOLUTE     "REG BANK 0"
            DATA    0008H     0009H     UNIT         _DATA_GROUP_
            DATA    0011H     0007H     UNIT         ?DT?_LCD_SHOWSIGNEDNUM?LCD1602
            DATA    0018H     0005H     UNIT         ?DT?_LCD_SHOWHEXNUM?LCD1602
            DATA    001DH     0005H     UNIT         ?DT?_LCD_SHOWBINNUM?LCD1602
            IDATA   0022H     0001H     UNIT         ?STACK

            * * * * * * *   C O D E   M E M O R Y   * * * * * * *
            CODE    0000H     0003H     ABSOLUTE     
            CODE    0003H     0094H     UNIT         ?C?LIB_CODE
            CODE    0097H     003AH     UNIT         ?PR?_LCD_SHOWSIGNEDNUM?LCD1602
            CODE    00D1H     0039H     UNIT         ?PR?_LCD_SHOWHEXNUM?LCD1602
            CODE    010AH     0038H     UNIT         ?PR?_LCD_SHOWBINNUM?LCD1602
            CODE    0142H     0033H     UNIT         ?PR?_LCD_POW?LCD1602
            CODE    0175H     0023H     UNIT         ?PR?_LCD_SHOWSTRING?LCD1602
            CODE    0198H     001FH     UNIT         ?PR?MAIN?MAIN
            CODE    01B7H     001EH     UNIT         ?PR?_LCD_WRITEDATA?LCD1602
            CODE    01D5H     001DH     UNIT         ?PR?_LCD_SHOWNUM?LCD1602
            CODE    01F2H     0016H     UNIT         ?PR?_LCD_SETCURSOR?LCD1602
            CODE    0208H     0014H     UNIT         ?PR?LCD_INIT?LCD1602
            CODE    021CH     000FH     UNIT         ?PR?LCD_DELAY?LCD1602
            CODE    022BH     000DH     UNIT         ?CO?MAIN
            CODE    0238H     000CH     UNIT         ?C_C51STARTUP
            CODE    0244H     000AH     UNIT         ?PR?_LCD_WRITECOMMAND?LCD1602
            CODE    024EH     000AH     UNIT         ?PR?_LCD_SHOWCHAR?LCD1602



OVERLAY MAP OF MODULE:   .\Objects\Main (?C_STARTUP)


SEGMENT                                  DATA_GROUP 
  +--> CALLED SEGMENT                  START    LENGTH
------------------------------------------------------
BL51 BANKED LINKER/LOCATER V6.22                                                      09/09/2026  19:39:01  PAGE 2


?C_C51STARTUP                          -----    -----
  +--> ?PR?MAIN?MAIN

?PR?MAIN?MAIN                          -----    -----
  +--> ?PR?LCD_INIT?LCD1602
  +--> ?CO?MAIN
  +--> ?PR?_LCD_SHOWSTRING?LCD1602
  +--> ?PR?_LCD_SHOWNUM?LCD1602

?PR?LCD_INIT?LCD1602                   -----    -----
  +--> ?PR?_LCD_WRITECOMMAND?LCD1602

?PR?_LCD_WRITECOMMAND?LCD1602          -----    -----
  +--> ?PR?LCD_DELAY?LCD1602

?PR?_LCD_SHOWSTRING?LCD1602            0008H    0003H
  +--> ?PR?_LCD_SETCURSOR?LCD1602
  +--> ?PR?_LCD_WRITEDATA?LCD1602

?PR?_LCD_SETCURSOR?LCD1602             -----    -----
  +--> ?PR?_LCD_WRITECOMMAND?LCD1602

?PR?_LCD_WRITEDATA?LCD1602             -----    -----
  +--> ?PR?LCD_DELAY?LCD1602

?PR?_LCD_SHOWNUM?LCD1602               0008H    0005H
  +--> ?PR?_LCD_SETCURSOR?LCD1602
  +--> ?PR?_LCD_POW?LCD1602
  +--> ?PR?_LCD_WRITEDATA?LCD1602

?PR?_LCD_POW?LCD1602                   000DH    0004H



SYMBOL TABLE OF MODULE:  .\Objects\Main (?C_STARTUP)

  VALUE           TYPE          NAME
  ----------------------------------

  -------         MODULE        ?C_STARTUP
  C:0238H         SEGMENT       ?C_C51STARTUP
  I:0022H         SEGMENT       ?STACK
  C:0000H         PUBLIC        ?C_STARTUP
  D:00E0H         SYMBOL        ACC
  D:00F0H         SYMBOL        B
  D:0083H         SYMBOL        DPH
  D:0082H         SYMBOL        DPL
  N:0000H         SYMBOL        IBPSTACK
  N:0100H         SYMBOL        IBPSTACKTOP
  N:0080H         SYMBOL        IDATALEN
  C:023BH         SYMBOL        IDATALOOP
  N:0000H         SYMBOL        PBPSTACK
  N:0100H         SYMBOL        PBPSTACKTOP
  N:0000H         SYMBOL        PDATALEN
  N:0000H         SYMBOL        PDATASTART
  N:0000H         SYMBOL        PPAGE
  N:0000H         SYMBOL        PPAGEENABLE
BL51 BANKED LINKER/LOCATER V6.22                                                      09/09/2026  19:39:01  PAGE 3


  D:00A0H         SYMBOL        PPAGE_SFR
  D:0081H         SYMBOL        SP
  C:0238H         SYMBOL        STARTUP1
  N:0000H         SYMBOL        XBPSTACK
  N:0000H         SYMBOL        XBPSTACKTOP
  N:0000H         SYMBOL        XDATALEN
  N:0000H         SYMBOL        XDATASTART
  C:0000H         LINE#         126
  C:0238H         LINE#         133
  C:023AH         LINE#         134
  C:023BH         LINE#         135
  C:023CH         LINE#         136
  C:023EH         LINE#         185
  C:0241H         LINE#         196
  -------         ENDMOD        ?C_STARTUP

  -------         MODULE        MAIN
  C:0000H         SYMBOL        _ICE_DUMMY_
  C:0198H         PUBLIC        main
  -------         PROC          MAIN
  C:0198H         LINE#         4
  C:0198H         LINE#         5
  C:019BH         LINE#         6
  C:01A8H         LINE#         7
  C:01B5H         LINE#         8
  -------         ENDPROC       MAIN
  -------         ENDMOD        MAIN

  -------         MODULE        LCD1602
  C:0000H         SYMBOL        _ICE_DUMMY_
  D:0080H         PUBLIC        P0
  D:00A0H         PUBLIC        P2
  C:0244H         PUBLIC        _LCD_WriteCommand
  C:01D5H         PUBLIC        _LCD_ShowNum
  C:010AH         PUBLIC        _LCD_ShowBinNum
  C:0222H         PUBLIC        LCD_Delay
  C:00D1H         PUBLIC        _LCD_ShowHexNum
  C:01CBH         PUBLIC        _LCD_WriteData
  B:00A0H.7       PUBLIC        LCD_EN
  C:0208H         PUBLIC        LCD_Init
  C:0175H         PUBLIC        _LCD_ShowString
  C:024EH         PUBLIC        _LCD_ShowChar
  B:00A0H.6       PUBLIC        LCD_RS
  B:00A0H.5       PUBLIC        LCD_RW
  C:01F2H         PUBLIC        _LCD_SetCursor
  C:0097H         PUBLIC        _LCD_ShowSignedNum
  C:014EH         PUBLIC        _LCD_Pow
  -------         PROC          L?0048
  -------         ENDPROC       L?0048
  -------         PROC          LCD_DELAY
  -------         DO            
  D:0007H         SYMBOL        i
  D:0006H         SYMBOL        j
  -------         ENDDO         
  C:0222H         LINE#         15
  C:0222H         LINE#         16
  C:0222H         LINE#         19
BL51 BANKED LINKER/LOCATER V6.22                                                      09/09/2026  19:39:01  PAGE 4


  C:0224H         LINE#         20
  C:0226H         LINE#         22
  C:0226H         LINE#         23
  C:0228H         LINE#         24
  C:022AH         LINE#         25
  -------         ENDPROC       LCD_DELAY
  -------         PROC          _LCD_WRITECOMMAND
  D:0007H         SYMBOL        Command
  C:0244H         LINE#         32
  C:0244H         LINE#         33
  C:0244H         LINE#         34
  C:0246H         LINE#         35
  C:0246H         LINE#         36
  C:0246H         LINE#         37
  C:0246H         LINE#         38
  C:0249H         LINE#         39
  C:024BH         LINE#         40
  -------         ENDPROC       _LCD_WRITECOMMAND
  -------         PROC          L?0047
  -------         ENDPROC       L?0047
  -------         PROC          _LCD_WRITEDATA
  D:0007H         SYMBOL        Data
  C:01CBH         LINE#         48
  C:01CBH         LINE#         49
  C:01CBH         LINE#         50
  C:01CDH         LINE#         51
  C:01CDH         LINE#         52
  C:01CDH         LINE#         53
  C:01CDH         LINE#         54
  C:01D0H         LINE#         55
  C:01D2H         LINE#         56
  -------         ENDPROC       _LCD_WRITEDATA
  -------         PROC          _LCD_SETCURSOR
  D:0006H         SYMBOL        Line
  D:0005H         SYMBOL        Column
  C:01F2H         LINE#         65
  C:01F4H         LINE#         66
  C:01F4H         LINE#         67
  C:01F7H         LINE#         68
  C:01F7H         LINE#         69
  C:01F9H         LINE#         70
  C:01FBH         LINE#         71
  C:01FEH         LINE#         72
  C:01FEH         LINE#         73
  C:0207H         LINE#         74
  C:0207H         LINE#         75
  -------         ENDPROC       _LCD_SETCURSOR
  -------         PROC          LCD_INIT
  C:0208H         LINE#         82
  C:0208H         LINE#         83
  C:0208H         LINE#         84
  C:020DH         LINE#         85
  C:0212H         LINE#         86
  C:0217H         LINE#         87
  -------         ENDPROC       LCD_INIT
  -------         PROC          _LCD_SHOWCHAR
  D:0006H         SYMBOL        Line
BL51 BANKED LINKER/LOCATER V6.22                                                      09/09/2026  19:39:01  PAGE 5


  D:0005H         SYMBOL        Column
  D:0004H         SYMBOL        Char
  C:024EH         LINE#         97
  C:0250H         LINE#         98
  C:0250H         LINE#         99
  C:0253H         LINE#         100
  -------         ENDPROC       _LCD_SHOWCHAR
  -------         PROC          _LCD_SHOWSTRING
  D:0007H         SYMBOL        Line
  D:0005H         SYMBOL        Column
  D:0008H         SYMBOL        String
  -------         DO            
  D:0005H         SYMBOL        i
  -------         ENDDO         
  C:0175H         LINE#         110
  C:017BH         LINE#         111
  C:017BH         LINE#         113
  C:017EH         LINE#         114
  C:0191H         LINE#         115
  C:0191H         LINE#         116
  C:0194H         LINE#         117
  C:0197H         LINE#         118
  -------         ENDPROC       _LCD_SHOWSTRING
  C:0144H         SYMBOL        L?0046
  -------         PROC          L?0045
  -------         ENDPROC       L?0045
  C:0144H         SYMBOL        L?0046
  -------         PROC          _LCD_POW
  D:000DH         SYMBOL        X
  D:000FH         SYMBOL        Y
  -------         DO            
  D:0003H         SYMBOL        i
  D:0006H         SYMBOL        Result
  -------         ENDDO         
  C:014EH         LINE#         123
  C:0156H         LINE#         124
  C:0156H         LINE#         126
  C:015AH         LINE#         127
  C:016AH         LINE#         128
  C:016AH         LINE#         129
  C:0171H         LINE#         130
  C:0174H         LINE#         131
  C:0174H         LINE#         132
  -------         ENDPROC       _LCD_POW
  -------         PROC          _LCD_SHOWNUM
  D:0007H         SYMBOL        Line
  D:0005H         SYMBOL        Column
  D:000AH         SYMBOL        Number
  D:000CH         SYMBOL        Length
  -------         DO            
  D:0002H         SYMBOL        i
  -------         ENDDO         
  C:01D5H         LINE#         142
  C:01D9H         LINE#         143
  C:01D9H         LINE#         145
  C:01DCH         LINE#         146
  C:01E4H         LINE#         147
BL51 BANKED LINKER/LOCATER V6.22                                                      09/09/2026  19:39:01  PAGE 6


  C:01E4H         LINE#         148
  C:01EEH         LINE#         149
  C:01F1H         LINE#         150
  -------         ENDPROC       _LCD_SHOWNUM
  -------         PROC          _LCD_SHOWSIGNEDNUM
  D:0007H         SYMBOL        Line
  D:0005H         SYMBOL        Column
  D:0002H         SYMBOL        Number
  D:0015H         SYMBOL        Length
  -------         DO            
  D:0002H         SYMBOL        i
  D:0016H         SYMBOL        Number1
  -------         ENDDO         
  C:0097H         LINE#         160
  C:0097H         LINE#         161
  C:0097H         LINE#         164
  C:009AH         LINE#         165
  C:00A2H         LINE#         166
  C:00A2H         LINE#         167
  C:00A7H         LINE#         168
  C:00ABH         LINE#         169
  C:00ADH         LINE#         171
  C:00ADH         LINE#         172
  C:00B2H         LINE#         173
  C:00BBH         LINE#         174
  C:00BBH         LINE#         175
  C:00C3H         LINE#         176
  C:00C3H         LINE#         177
  C:00CDH         LINE#         178
  C:00D0H         LINE#         179
  -------         ENDPROC       _LCD_SHOWSIGNEDNUM
  -------         PROC          _LCD_SHOWHEXNUM
  D:0007H         SYMBOL        Line
  D:0005H         SYMBOL        Column
  D:001AH         SYMBOL        Number
  D:001CH         SYMBOL        Length
  -------         DO            
  D:0002H         SYMBOL        i
  D:0006H         SYMBOL        SingleNumber
  -------         ENDDO         
  C:00D1H         LINE#         189
  C:00D5H         LINE#         190
  C:00D5H         LINE#         192
  C:00D8H         LINE#         193
  C:00E0H         LINE#         194
  C:00E0H         LINE#         195
  C:00F6H         LINE#         196
  C:00FCH         LINE#         197
  C:00FCH         LINE#         198
  C:00FEH         LINE#         199
  C:0100H         LINE#         201
  C:0100H         LINE#         202
  C:0106H         LINE#         203
  C:0106H         LINE#         204
  C:0109H         LINE#         205
  -------         ENDPROC       _LCD_SHOWHEXNUM
  -------         PROC          _LCD_SHOWBINNUM
BL51 BANKED LINKER/LOCATER V6.22                                                      09/09/2026  19:39:01  PAGE 7


  D:0007H         SYMBOL        Line
  D:0005H         SYMBOL        Column
  D:001FH         SYMBOL        Number
  D:0021H         SYMBOL        Length
  -------         DO            
  D:0002H         SYMBOL        i
  -------         ENDDO         
  C:010AH         LINE#         215
  C:010EH         LINE#         216
  C:010EH         LINE#         218
  C:0111H         LINE#         219
  C:0119H         LINE#         220
  C:0119H         LINE#         221
  C:013EH         LINE#         222
  C:0141H         LINE#         223
  -------         ENDPROC       _LCD_SHOWBINNUM
  -------         ENDMOD        LCD1602

  -------         MODULE        ?C?CLDOPTR
  C:0003H         PUBLIC        ?C?CLDOPTR
  -------         ENDMOD        ?C?CLDOPTR

  -------         MODULE        ?C?IMUL
  C:0030H         PUBLIC        ?C?IMUL
  -------         ENDMOD        ?C?IMUL

  -------         MODULE        ?C?UIDIV
  C:0042H         PUBLIC        ?C?UIDIV
  -------         ENDMOD        ?C?UIDIV

*** WARNING L16: UNCALLED SEGMENT, IGNORED FOR OVERLAY PROCESS
    SEGMENT: ?PR?_LCD_SHOWCHAR?LCD1602

*** WARNING L16: UNCALLED SEGMENT, IGNORED FOR OVERLAY PROCESS
    SEGMENT: ?PR?_LCD_SHOWSIGNEDNUM?LCD1602

*** WARNING L16: UNCALLED SEGMENT, IGNORED FOR OVERLAY PROCESS
    SEGMENT: ?PR?_LCD_SHOWHEXNUM?LCD1602

*** WARNING L16: UNCALLED SEGMENT, IGNORED FOR OVERLAY PROCESS
    SEGMENT: ?PR?_LCD_SHOWBINNUM?LCD1602

Program Size: data=35.0 xdata=0 code=600
LINK/LOCATE RUN COMPLETE.  4 WARNING(S),  0 ERROR(S)
