C51 COMPILER V9.56.0.0   MAIN                                                              09/09/2026 19:39:01 PAGE 1   


C51 COMPILER V9.56.0.0, COMPILATION OF MODULE MAIN
OBJECT MODULE PLACED IN .\Objects\Main.obj
COMPILER INVOKED BY: C:\Keil_v5\C51\BIN\C51.EXE Main.c OPTIMIZE(8,SPEED) BROWSE INCDIR(C:\Keil_v5\C51\INC\Atmel) DEBUG O
                    -BJECTEXTEND PRINT(.\Listings\Main.lst) TABS(2) OBJECT(.\Objects\Main.obj)

line level    source

   1          #include <REGX52.H>
   2          #include "LCD1602.h"
   3          
   4          void main(){
   5   1          LCD_Init();
   6   1          LCD_ShowString(1,1,"HELLO WORLD!");
   7   1          LCD_ShowNum(2,1,65536,5);
   8   1          while(1);
   9   1      }


MODULE INFORMATION:   STATIC OVERLAYABLE
   CODE SIZE        =     31    ----
   CONSTANT SIZE    =     13    ----
   XDATA SIZE       =   ----    ----
   PDATA SIZE       =   ----    ----
   DATA SIZE        =   ----    ----
   IDATA SIZE       =   ----    ----
   BIT SIZE         =   ----    ----
END OF MODULE INFORMATION.


C51 COMPILATION COMPLETE.  0 WARNING(S),  0 ERROR(S)
